Archive member included to satisfy reference by file (symbol)

C:/Users/duds2/.pico-sdk/toolchain/13_3_Rel1/bin/../lib/gcc/arm-none-eabi/13.3.1/thumb/v6-m/nofp\libgcc.a(_dvmd_tls.o)
                              CMakeFiles/display_oled.dir/C_/Users/duds2/.pico-sdk/sdk/1.5.1/src/rp2_common/pico_divider/divider.S.obj (__aeabi_idiv0)
C:/Users/duds2/.pico-sdk/toolchain/13_3_Rel1/bin/../lib/gcc/arm-none-eabi/13.3.1/thumb/v6-m/nofp\libc.a(libc_a-calloc.o)
                              CMakeFiles/display_oled.dir/C_/Users/duds2/.pico-sdk/sdk/1.5.1/src/rp2_common/pico_malloc/pico_malloc.c.obj (calloc)
C:/Users/duds2/.pico-sdk/toolchain/13_3_Rel1/bin/../lib/gcc/arm-none-eabi/13.3.1/thumb/v6-m/nofp\libc.a(libc_a-callocr.o)
                              C:/Users/duds2/.pico-sdk/toolchain/13_3_Rel1/bin/../lib/gcc/arm-none-eabi/13.3.1/thumb/v6-m/nofp\libc.a(libc_a-calloc.o) (_calloc_r)
C:/Users/duds2/.pico-sdk/toolchain/13_3_Rel1/bin/../lib/gcc/arm-none-eabi/13.3.1/thumb/v6-m/nofp\libc.a(libc_a-malloc.o)
                              CMakeFiles/display_oled.dir/C_/Users/duds2/.pico-sdk/sdk/1.5.1/src/rp2_common/pico_malloc/pico_malloc.c.obj (malloc)
C:/Users/duds2/.pico-sdk/toolchain/13_3_Rel1/bin/../lib/gcc/arm-none-eabi/13.3.1/thumb/v6-m/nofp\libc.a(libc_a-mallocr.o)
                              C:/Users/duds2/.pico-sdk/toolchain/13_3_Rel1/bin/../lib/gcc/arm-none-eabi/13.3.1/thumb/v6-m/nofp\libc.a(libc_a-callocr.o) (_malloc_r)
C:/Users/duds2/.pico-sdk/toolchain/13_3_Rel1/bin/../lib/gcc/arm-none-eabi/13.3.1/thumb/v6-m/nofp\libc.a(libc_a-mlock.o)
                              C:/Users/duds2/.pico-sdk/toolchain/13_3_Rel1/bin/../lib/gcc/arm-none-eabi/13.3.1/thumb/v6-m/nofp\libc.a(libc_a-mallocr.o) (__malloc_lock)
C:/Users/duds2/.pico-sdk/toolchain/13_3_Rel1/bin/../lib/gcc/arm-none-eabi/13.3.1/thumb/v6-m/nofp\libc.a(libc_a-realloc.o)
                              CMakeFiles/display_oled.dir/C_/Users/duds2/.pico-sdk/sdk/1.5.1/src/rp2_common/pico_malloc/pico_malloc.c.obj (realloc)
C:/Users/duds2/.pico-sdk/toolchain/13_3_Rel1/bin/../lib/gcc/arm-none-eabi/13.3.1/thumb/v6-m/nofp\libc.a(libc_a-reallocr.o)
                              C:/Users/duds2/.pico-sdk/toolchain/13_3_Rel1/bin/../lib/gcc/arm-none-eabi/13.3.1/thumb/v6-m/nofp\libc.a(libc_a-realloc.o) (_realloc_r)
C:/Users/duds2/.pico-sdk/toolchain/13_3_Rel1/bin/../lib/gcc/arm-none-eabi/13.3.1/thumb/v6-m/nofp\libc.a(libc_a-ctype_.o)
                              CMakeFiles/display_oled.dir/inc/ssd1306_i2c.c.obj (_ctype_)
C:/Users/duds2/.pico-sdk/toolchain/13_3_Rel1/bin/../lib/gcc/arm-none-eabi/13.3.1/thumb/v6-m/nofp\libc.a(libc_a-memmove.o)
                              C:/Users/duds2/.pico-sdk/toolchain/13_3_Rel1/bin/../lib/gcc/arm-none-eabi/13.3.1/thumb/v6-m/nofp\libc.a(libc_a-reallocr.o) (memmove)
C:/Users/duds2/.pico-sdk/toolchain/13_3_Rel1/bin/../lib/gcc/arm-none-eabi/13.3.1/thumb/v6-m/nofp\libc.a(libc_a-impure.o)
                              C:/Users/duds2/.pico-sdk/toolchain/13_3_Rel1/bin/../lib/gcc/arm-none-eabi/13.3.1/thumb/v6-m/nofp\libc.a(libc_a-calloc.o) (_impure_ptr)
C:/Users/duds2/.pico-sdk/toolchain/13_3_Rel1/bin/../lib/gcc/arm-none-eabi/13.3.1/thumb/v6-m/nofp\libc.a(libc_a-sbrkr.o)
                              C:/Users/duds2/.pico-sdk/toolchain/13_3_Rel1/bin/../lib/gcc/arm-none-eabi/13.3.1/thumb/v6-m/nofp\libc.a(libc_a-mallocr.o) (_sbrk_r)
C:/Users/duds2/.pico-sdk/toolchain/13_3_Rel1/bin/../lib/gcc/arm-none-eabi/13.3.1/thumb/v6-m/nofp\libc.a(libc_a-errno.o)
                              C:/Users/duds2/.pico-sdk/toolchain/13_3_Rel1/bin/../lib/gcc/arm-none-eabi/13.3.1/thumb/v6-m/nofp\libc.a(libc_a-callocr.o) (__errno)
C:/Users/duds2/.pico-sdk/toolchain/13_3_Rel1/bin/../lib/gcc/arm-none-eabi/13.3.1/thumb/v6-m/nofp\libc.a(libc_a-init.o)
                              C:/Users/duds2/.pico-sdk/toolchain/13_3_Rel1/bin/../lib/gcc/arm-none-eabi/13.3.1/thumb/v6-m/nofp/crt0.o (__libc_init_array)
C:/Users/duds2/.pico-sdk/toolchain/13_3_Rel1/bin/../lib/gcc/arm-none-eabi/13.3.1/thumb/v6-m/nofp\libc.a(libc_a-lock.o)
                              C:/Users/duds2/.pico-sdk/toolchain/13_3_Rel1/bin/../lib/gcc/arm-none-eabi/13.3.1/thumb/v6-m/nofp\libc.a(libc_a-mlock.o) (__retarget_lock_acquire_recursive)
C:/Users/duds2/.pico-sdk/toolchain/13_3_Rel1/bin/../lib/gcc/arm-none-eabi/13.3.1/thumb/v6-m/nofp\libc.a(libc_a-sysconf.o)
                              C:/Users/duds2/.pico-sdk/toolchain/13_3_Rel1/bin/../lib/gcc/arm-none-eabi/13.3.1/thumb/v6-m/nofp\libc.a(libc_a-mallocr.o) (sysconf)
C:/Users/duds2/.pico-sdk/toolchain/13_3_Rel1/bin/../lib/gcc/arm-none-eabi/13.3.1/thumb/v6-m/nofp\libc.a(libc_a-strlen-stub.o)
                              CMakeFiles/display_oled.dir/C_/Users/duds2/.pico-sdk/sdk/1.5.1/src/rp2_common/pico_stdio/stdio.c.obj (strlen)
C:/Users/duds2/.pico-sdk/toolchain/13_3_Rel1/bin/../lib/gcc/arm-none-eabi/13.3.1/thumb/v6-m/nofp\libc.a(libc_a-freer.o)
[...]
Memory Configuration

Name             Origin             Length             Attributes
FLASH            0x10000000         0x00200000         xr
RAM              0x20000000         0x00040000         xrw
SCRATCH_X        0x20040000         0x00001000         xrw
SCRATCH_Y        0x20041000         0x00001000         xrw
*default*        0x00000000         0xffffffff

Linker script and memory map

LOAD C:/Users/duds2/.pico-sdk/toolchain/13_3_Rel1/bin/../lib/gcc/arm-none-eabi/13.3.1/thumb/v6-m/nofp/crti.o
LOAD C:/Users/duds2/.pico-sdk/toolchain/13_3_Rel1/bin/../lib/gcc/arm-none-eabi/13.3.1/thumb/v6-m/nofp/crtbegin.o
LOAD C:/Users/duds2/.pico-sdk/toolchain/13_3_Rel1/bin/../lib/gcc/arm-none-eabi/13.3.1/thumb/v6-m/nofp/crt0.o

.flash_begin    0x10000000        0x0
                0x10000000                        __flash_binary_start = .

.boot2          0x10000000      0x100
                0x10000000                        __boot2_start__ = .
 *(.boot2)
 .boot2         0x10000000      0x100 C:\Users\duds2\AppData\Local\Temp\cc0BezP2.o
                0x10000100                        __boot2_end__ = .
                0x00000001                        ASSERT (((__boot2_end__ - __boot2_start__) == 0x100), ERROR: Pico second stage bootloader must be 256 bytes in size)

.text           0x10000100     0x8480
                0x10000100                        __logical_binary_start = .
 *(.vectors)
 .vectors       0x10000100       0xd4 CMakeFiles/display_oled.dir/C_/Users/duds2/.pico-sdk/sdk/1.5.1/src/rp2_common/pico_standard_link/crt0.S.obj
                0x10000100                __VECTOR_TABLE
                0x10000100                __vectors
                0x100001c0                isr_invalid
                0x100001c0                __default_isrs_start
                0x100001c2                isr_nmi
                0x100001c4                isr_hardfault
                0x100001c6                isr_svcall
                0x100001c8                isr_pendsv
                0x100001ca                isr_systick
                0x100001cc                isr_irq23
                0x100001cc                isr_irq18
                0x100001cc                isr_irq11
                0x100001cc                isr_irq28
                0x100001cc                isr_irq19
                0x100001cc                isr_irq0
                0x100001cc                isr_irq6
                0x100001cc                isr_irq5
                0x100001cc                isr_irq12
                0x100001cc                isr_irq22
                0x100001cc                isr_irq31
                0x100001cc                isr_irq17
                0x100001cc                isr_irq27
                0x100001cc                isr_irq30
                0x100001cc                isr_irq2
                0x100001cc                isr_irq10
                0x100001cc                isr_irq8
                0x100001cc                isr_irq24
                0x100001cc                isr_irq1
                0x100001cc                isr_irq7
                0x100001cc                isr_irq21
                0x100001cc                isr_irq20
                0x100001cc                isr_irq15
                0x100001cc                isr_irq25
                0x100001cc                isr_irq13
                0x100001cc                __unhandled_user_irq
                0x100001cc                isr_irq4
                0x100001cc                isr_irq16
                0x100001cc                isr_irq29
                0x100001cc                isr_irq26
                0x100001cc                __default_isrs_end
                0x100001cc                isr_irq3
                0x100001cc                isr_irq14
                0x100001cc                isr_irq9
                0x100001d2                unhandled_user_irq_num_in_r0
 *(.binary_info_header)
 .binary_info_header
                0x100001d4       0x14 CMakeFiles/display_oled.dir/C_/Users/duds2/.pico-sdk/sdk/1.5.1/src/rp2_common/pico_standard_link/crt0.S.obj
                0x100001e8                        __binary_info_header_end = .
 *(.reset)
 .reset         0x100001e8       0xa0 CMakeFiles/display_oled.dir/C_/Users/duds2/.pico-sdk/sdk/1.5.1/src/rp2_common/pico_standard_link/crt0.S.obj
                0x100001e8                _entry_point
 .reset         0x10000288       0x30 CMakeFiles/display_oled.dir/C_/Users/duds2/.pico-sdk/sdk/1.5.1/src/rp2_common/pico_standard_link/binary_info.c.obj
 *(.init)
 .init          0x100002b8        0x4 C:/Users/duds2/.pico-sdk/toolchain/13_3_Rel1/bin/../lib/gcc/arm-none-eabi/13.3.1/thumb/v6-m/nofp/crti.o
                0x100002b8                _init
 *(EXCLUDE_FILE(*libm.a: *libc.a:*lib_a-mem*.o *libgcc.a:) .text*)
 .text.register_tm_clones
                0x100002bc       0x28 C:/Users/duds2/.pico-sdk/toolchain/13_3_Rel1/bin/../lib/gcc/arm-none-eabi/13.3.1/thumb/v6-m/nofp/crtbegin.o
 .text.frame_dummy
                0x100002e4       0x24 C:/Users/duds2/.pico-sdk/toolchain/13_3_Rel1/bin/../lib/gcc/arm-none-eabi/13.3.1/thumb/v6-m/nofp/crtbegin.o
 .text.adc_gpio_init
                0x10000308       0x20 CMakeFiles/display_oled.dir/display_oled.c.obj
 .text.ws2818b_program_init
                0x10000328       0xd0 CMakeFiles/display_oled.dir/display_oled.c.obj
                0x10000328                ws2818b_program_init
 .text.npInit   0x100003f8       0x80 CMakeFiles/display_oled.dir/display_oled.c.obj
                0x100003f8                npInit
 .text.npWrite  0x10000478       0x58 CMakeFiles/display_oled.dir/display_oled.c.obj
                0x10000478                npWrite
 .text.pwm_init_buzzer
                0x100004d0       0x60 CMakeFiles/display_oled.dir/display_oled.c.obj
                0x100004d0                pwm_init_buzzer
 .text.setup_dma
                0x10000530       0x70 CMakeFiles/display_oled.dir/display_oled.c.obj
                0x10000530                setup_dma
 .text.startup.main
                0x100005a0      0xa94 CMakeFiles/display_oled.dir/display_oled.c.obj
                0x100005a0                main
 .text.calculate_render_area_buffer_length
                0x10001034       0x18 CMakeFiles/display_oled.dir/inc/ssd1306_i2c.c.obj
                0x10001034                calculate_render_area_buffer_length
 .text.ssd1306_init
                0x1000104c       0x58 CMakeFiles/display_oled.dir/inc/ssd1306_i2c.c.obj
                0x1000104c                ssd1306_init
 .text.render_on_display
                0x100010a4       0x98 CMakeFiles/display_oled.dir/inc/ssd1306_i2c.c.obj
                0x100010a4                render_on_display
 .text.ssd1306_config
                0x1000113c      0x1d0 CMakeFiles/display_oled.dir/inc/ssd1306_i2c.c.obj
                0x1000113c                ssd1306_config
 .text.ssd1306_init_bm
                0x1000130c       0x34 CMakeFiles/display_oled.dir/inc/ssd1306_i2c.c.obj
                0x1000130c                ssd1306_init_bm
 .text.ssd1306_draw_bitmap
                0x10001340       0xc0 CMakeFiles/display_oled.dir/inc/ssd1306_i2c.c.obj
                0x10001340                ssd1306_draw_bitmap
 .text.gpio_set_function
                0x10001400       0x30 CMakeFiles/display_oled.dir/C_/Users/duds2/.pico-sdk/sdk/1.5.1/src/rp2_common/hardware_gpio/gpio.c.obj
                0x10001400                gpio_set_function
 .text.gpio_set_pulls
                0x10001430       0x24 CMakeFiles/display_oled.dir/C_/Users/duds2/.pico-sdk/sdk/1.5.1/src/rp2_common/hardware_gpio/gpio.c.obj
                0x10001430                gpio_set_pulls
 .text.gpio_set_input_enabled
                0x10001454       0x28 CMakeFiles/display_oled.dir/C_/Users/duds2/.pico-sdk/sdk/1.5.1/src/rp2_common/hardware_gpio/gpio.c.obj
                0x10001454                gpio_set_input_enabled
 .text.gpio_init
                0x1000147c       0x3c CMakeFiles/display_oled.dir/C_/Users/duds2/.pico-sdk/sdk/1.5.1/src/rp2_common/hardware_gpio/gpio.c.obj
                0x1000147c                gpio_init
 .text.running_on_fpga
                0x100014b8       0x10 CMakeFiles/display_oled.dir/C_/Users/duds2/.pico-sdk/sdk/1.5.1/src/rp2_common/pico_platform/platform.c.obj
                0x100014b8                running_on_fpga
 .text.hw_claim_lock
                0x100014c8       0x18 CMakeFiles/display_oled.dir/C_/Users/duds2/.pico-sdk/sdk/1.5.1/src/rp2_common/hardware_claim/claim.c.obj
                0x100014c8                hw_claim_lock
 .text.hw_claim_unlock
                0x100014e0       0x14 CMakeFiles/display_oled.dir/C_/Users/duds2/.pico-sdk/sdk/1.5.1/src/rp2_common/hardware_claim/claim.c.obj
                0x100014e0                hw_claim_unlock
 .text.hw_claim_or_assert
                0x100014f4       0x44 CMakeFiles/display_oled.dir/C_/Users/duds2/.pico-sdk/sdk/1.5.1/src/rp2_common/hardware_claim/claim.c.obj
                0x100014f4                hw_claim_or_assert
 .text.hw_claim_unused_from_range
                0x10001538       0x9c CMakeFiles/display_oled.dir/C_/Users/duds2/.pico-sdk/sdk/1.5.1/src/rp2_common/hardware_claim/claim.c.obj
                0x10001538                hw_claim_unused_from_range
 .text.spin_locks_reset
                0x100015d4       0x1c CMakeFiles/display_oled.dir/C_/Users/duds2/.pico-sdk/sdk/1.5.1/src/rp2_common/hardware_sync/sync.c.obj
                0x100015d4                spin_locks_reset
 .text.next_striped_spin_lock_num
                0x100015f0       0x18 CMakeFiles/display_oled.dir/C_/Users/duds2/.pico-sdk/sdk/1.5.1/src/rp2_common/hardware_sync/sync.c.obj
                0x100015f0                next_striped_spin_lock_num
 .text.spin_lock_claim_unused
                0x10001608       0x24 CMakeFiles/display_oled.dir/C_/Users/duds2/.pico-sdk/sdk/1.5.1/src/rp2_common/hardware_sync/sync.c.obj
                0x10001608                spin_lock_claim_unused
 .text.irq_set_enabled
                0x1000162c       0x24 CMakeFiles/display_oled.dir/C_/Users/duds2/.pico-sdk/sdk/1.5.1/src/rp2_common/hardware_irq/irq.c.obj
                0x1000162c                irq_set_enabled
 .text.irq_set_pending
                0x10001650       0x10 CMakeFiles/display_oled.dir/C_/Users/duds2/.pico-sdk/sdk/1.5.1/src/rp2_common/hardware_irq/irq.c.obj
                0x10001650                irq_set_pending
 .text.irq_has_shared_handler
                0x10001660       0x2c CMakeFiles/display_oled.dir/C_/Users/duds2/.pico-sdk/sdk/1.5.1/src/rp2_common/hardware_irq/irq.c.obj
                0x10001660                irq_has_shared_handler
 .text.irq_get_vtable_handler
                0x1000168c       0x10 CMakeFiles/display_oled.dir/C_/Users/duds2/.pico-sdk/sdk/1.5.1/src/rp2_common/hardware_irq/irq.c.obj
                0x1000168c                irq_get_vtable_handler
 .text.irq_set_exclusive_handler
                0x1000169c       0x54 CMakeFiles/display_oled.dir/C_/Users/duds2/.pico-sdk/sdk/1.5.1/src/rp2_common/hardware_irq/irq.c.obj
                0x1000169c                irq_set_exclusive_handler
 .text.irq_add_shared_handler
                0x100016f0      0x1f4 CMakeFiles/display_oled.dir/C_/Users/duds2/.pico-sdk/sdk/1.5.1/src/rp2_common/hardware_irq/irq.c.obj
                0x100016f0                irq_add_shared_handler
 .text.irq_remove_handler
                0x100018e4      0x1c4 CMakeFiles/display_oled.dir/C_/Users/duds2/.pico-sdk/sdk/1.5.1/src/rp2_common/hardware_irq/irq.c.obj
                0x100018e4                irq_remove_handler
 .text.irq_add_tail_to_free_list
                0x10001aa8       0xb4 CMakeFiles/display_oled.dir/C_/Users/duds2/.pico-sdk/sdk/1.5.1/src/rp2_common/hardware_irq/irq.c.obj
                0x10001aa8                irq_add_tail_to_free_list
 .text.irq_init_priorities
                0x10001b5c       0x24 CMakeFiles/display_oled.dir/C_/Users/duds2/.pico-sdk/sdk/1.5.1/src/rp2_common/hardware_irq/irq.c.obj
                0x10001b5c                irq_init_priorities
 .text.user_irq_claim_unused
                0x10001b80       0x2c CMakeFiles/display_oled.dir/C_/Users/duds2/.pico-sdk/sdk/1.5.1/src/rp2_common/hardware_irq/irq.c.obj
                0x10001b80                user_irq_claim_unused
 .text.lock_init
                0x10001bac       0x10 CMakeFiles/display_oled.dir/C_/Users/duds2/.pico-sdk/sdk/1.5.1/src/common/pico_sync/lock_core.c.obj
                0x10001bac                lock_init
 .text.mutex_init
                0x10001bbc       0x1c CMakeFiles/display_oled.dir/C_/Users/duds2/.pico-sdk/sdk/1.5.1/src/common/pico_sync/mutex.c.obj
                0x10001bbc                mutex_init
 .text.recursive_mutex_init
                0x10001bd8       0x1c CMakeFiles/display_oled.dir/C_/Users/duds2/.pico-sdk/sdk/1.5.1/src/common/pico_sync/mutex.c.obj
                0x10001bd8                recursive_mutex_init
 .text.critical_section_init
                0x10001bf4       0x1c CMakeFiles/display_oled.dir/C_/Users/duds2/.pico-sdk/sdk/1.5.1/src/common/pico_sync/critical_section.c.obj
                0x10001bf4                critical_section_init
 .text.critical_section_init_with_lock_num
                0x10001c10       0x14 CMakeFiles/display_oled.dir/C_/Users/duds2/.pico-sdk/sdk/1.5.1/src/common/pico_sync/critical_section.c.obj
                0x10001c10                critical_section_init_with_lock_num
 .text.timer_pool_entry_comparator
                0x10001c24       0x34 CMakeFiles/display_oled.dir/C_/Users/duds2/.pico-sdk/sdk/1.5.1/src/common/pico_time/time.c.obj
                0x10001c24                timer_pool_entry_comparator
 .text.sleep_until_callback
                0x10001c58       0x30 CMakeFiles/display_oled.dir/C_/Users/duds2/.pico-sdk/sdk/1.5.1/src/common/pico_time/time.c.obj
 .text.add_alarm_under_lock.isra.0
                0x10001c88      0x100 CMakeFiles/display_oled.dir/C_/Users/duds2/.pico-sdk/sdk/1.5.1/src/common/pico_time/time.c.obj
 .text.alarm_pool_alarm_callback
                0x10001d88      0x1c0 CMakeFiles/display_oled.dir/C_/Users/duds2/.pico-sdk/sdk/1.5.1/src/common/pico_time/time.c.obj
 .text.alarm_pool_init_default
                0x10001f48       0x6c CMakeFiles/display_oled.dir/C_/Users/duds2/.pico-sdk/sdk/1.5.1/src/common/pico_time/time.c.obj
                0x10001f48                alarm_pool_init_default
 .text.alarm_pool_get_default
                0x10001fb4        0x8 CMakeFiles/display_oled.dir/C_/Users/duds2/.pico-sdk/sdk/1.5.1/src/common/pico_time/time.c.obj
                0x10001fb4                alarm_pool_get_default
 .text.alarm_pool_add_alarm_at
                0x10001fbc      0x17c CMakeFiles/display_oled.dir/C_/Users/duds2/.pico-sdk/sdk/1.5.1/src/common/pico_time/time.c.obj
                0x10001fbc                alarm_pool_add_alarm_at
 .text.alarm_pool_core_num
                0x10002138        0x4 CMakeFiles/display_oled.dir/C_/Users/duds2/.pico-sdk/sdk/1.5.1/src/common/pico_time/time.c.obj
                0x10002138                alarm_pool_core_num
 .text.sleep_until
                0x1000213c       0xc4 CMakeFiles/display_oled.dir/C_/Users/duds2/.pico-sdk/sdk/1.5.1/src/common/pico_time/time.c.obj
                0x1000213c                sleep_until
 .text.sleep_us
                0x10002200       0x28 CMakeFiles/display_oled.dir/C_/Users/duds2/.pico-sdk/sdk/1.5.1/src/common/pico_time/time.c.obj
                0x10002200                sleep_us
 .text.sleep_ms
                0x10002228       0x38 CMakeFiles/display_oled.dir/C_/Users/duds2/.pico-sdk/sdk/1.5.1/src/common/pico_time/time.c.obj
                0x10002228                sleep_ms
 .text.best_effort_wfe_or_timeout
                0x10002260       0xcc CMakeFiles/display_oled.dir/C_/Users/duds2/.pico-sdk/sdk/1.5.1/src/common/pico_time/time.c.obj
                0x10002260                best_effort_wfe_or_timeout
 .text.hardware_alarm_irq_handler
                0x1000232c       0xbc CMakeFiles/display_oled.dir/C_/Users/duds2/.pico-sdk/sdk/1.5.1/src/rp2_common/hardware_timer/timer.c.obj
 .text.hardware_alarm_claim
                0x100023e8       0x18 CMakeFiles/display_oled.dir/C_/Users/duds2/.pico-sdk/sdk/1.5.1/src/rp2_common/hardware_timer/timer.c.obj
                0x100023e8                hardware_alarm_claim
 .text.time_us_64
                0x10002400       0x14 CMakeFiles/display_oled.dir/C_/Users/duds2/.pico-sdk/sdk/1.5.1/src/rp2_common/hardware_timer/timer.c.obj
                0x10002400                time_us_64
 .text.busy_wait_until
                0x10002414       0x20 CMakeFiles/display_oled.dir/C_/Users/duds2/.pico-sdk/sdk/1.5.1/src/rp2_common/hardware_timer/timer.c.obj
                0x10002414                busy_wait_until
 .text.hardware_alarm_set_callback
                0x10002434       0x8c CMakeFiles/display_oled.dir/C_/Users/duds2/.pico-sdk/sdk/1.5.1/src/rp2_common/hardware_timer/timer.c.obj
                0x10002434                hardware_alarm_set_callback
 .text.hardware_alarm_set_target
                0x100024c0       0xd0 CMakeFiles/display_oled.dir/C_/Users/duds2/.pico-sdk/sdk/1.5.1/src/rp2_common/hardware_timer/timer.c.obj
                0x100024c0                hardware_alarm_set_target
 .text.hardware_alarm_cancel
                0x10002590       0x3c CMakeFiles/display_oled.dir/C_/Users/duds2/.pico-sdk/sdk/1.5.1/src/rp2_common/hardware_timer/timer.c.obj
                0x10002590                hardware_alarm_cancel
 .text.ph_merge_nodes
                0x100025cc       0x58 CMakeFiles/display_oled.dir/C_/Users/duds2/.pico-sdk/sdk/1.5.1/src/common/pico_util/pheap.c.obj
 .text.ph_post_alloc_init
                0x10002624       0x3c CMakeFiles/display_oled.dir/C_/Users/duds2/.pico-sdk/sdk/1.5.1/src/common/pico_util/pheap.c.obj
                0x10002624                ph_post_alloc_init
 .text.ph_merge_two_pass
                0x10002660       0x8c CMakeFiles/display_oled.dir/C_/Users/duds2/.pico-sdk/sdk/1.5.1/src/common/pico_util/pheap.c.obj
                0x10002660                ph_merge_two_pass
 .text.ph_remove_any_head
                0x100026ec      0x100 CMakeFiles/display_oled.dir/C_/Users/duds2/.pico-sdk/sdk/1.5.1/src/common/pico_util/pheap.c.obj
 .text.ph_remove_head
                0x100027ec      0x104 CMakeFiles/display_oled.dir/C_/Users/duds2/.pico-sdk/sdk/1.5.1/src/common/pico_util/pheap.c.obj
                0x100027ec                ph_remove_head
 .text.ph_remove_and_free_node
                0x100028f0       0x78 CMakeFiles/display_oled.dir/C_/Users/duds2/.pico-sdk/sdk/1.5.1/src/common/pico_util/pheap.c.obj
                0x100028f0                ph_remove_and_free_node
 .text.clocks_init
                0x10002968      0x2c8 CMakeFiles/display_oled.dir/C_/Users/duds2/.pico-sdk/sdk/1.5.1/src/rp2_common/hardware_clocks/clocks.c.obj
                0x10002968                clocks_init
 .text.clock_get_hz
                0x10002c30        0xc CMakeFiles/display_oled.dir/C_/Users/duds2/.pico-sdk/sdk/1.5.1/src/rp2_common/hardware_clocks/clocks.c.obj
                0x10002c30                clock_get_hz
 .text.pll_init
                0x10002c3c       0xa4 CMakeFiles/display_oled.dir/C_/Users/duds2/.pico-sdk/sdk/1.5.1/src/rp2_common/hardware_pll/pll.c.obj
                0x10002c3c                pll_init
 .text.watchdog_start_tick
                0x10002ce0       0x10 CMakeFiles/display_oled.dir/C_/Users/duds2/.pico-sdk/sdk/1.5.1/src/rp2_common/hardware_watchdog/watchdog.c.obj
                0x10002ce0                watchdog_start_tick
 .text.watchdog_reboot
                0x10002cf0       0x9c CMakeFiles/display_oled.dir/C_/Users/duds2/.pico-sdk/sdk/1.5.1/src/rp2_common/hardware_watchdog/watchdog.c.obj
                0x10002cf0                watchdog_reboot
 .text.xosc_init
                0x10002d8c       0x28 CMakeFiles/display_oled.dir/C_/Users/duds2/.pico-sdk/sdk/1.5.1/src/rp2_common/hardware_xosc/xosc.c.obj
                0x10002d8c                xosc_init
 .text.runtime_init
                0x10002db4       0xf0 CMakeFiles/display_oled.dir/C_/Users/duds2/.pico-sdk/sdk/1.5.1/src/rp2_common/pico_runtime/runtime.c.obj
                0x10002db4                runtime_init
 .text._exit    0x10002ea4        0x4 CMakeFiles/display_oled.dir/C_/Users/duds2/.pico-sdk/sdk/1.5.1/src/rp2_common/pico_runtime/runtime.c.obj
                0x10002ea4                _exit
 .text._sbrk    0x10002ea8       0x34 CMakeFiles/display_oled.dir/C_/Users/duds2/.pico-sdk/sdk/1.5.1/src/rp2_common/pico_runtime/runtime.c.obj
                0x10002ea8                _sbrk
 .text.exit     0x10002edc        0x8 CMakeFiles/display_oled.dir/C_/Users/duds2/.pico-sdk/sdk/1.5.1/src/rp2_common/pico_runtime/runtime.c.obj
                0x10002edc                exit
 .text.panic    0x10002ee4       0x30 CMakeFiles/display_oled.dir/C_/Users/duds2/.pico-sdk/sdk/1.5.1/src/rp2_common/pico_runtime/runtime.c.obj
                0x10002ee4                panic
 .text.hard_assertion_failure
                0x10002f14        0xc CMakeFiles/display_oled.dir/C_/Users/duds2/.pico-sdk/sdk/1.5.1/src/rp2_common/pico_runtime/runtime.c.obj
                0x10002f14                hard_assertion_failure
 .text._out_null
                0x10002f20        0x4 CMakeFiles/display_oled.dir/C_/Users/duds2/.pico-sdk/sdk/1.5.1/src/rp2_common/pico_printf/printf.c.obj
 .text._out_rev
                0x10002f24       0xac CMakeFiles/display_oled.dir/C_/Users/duds2/.pico-sdk/sdk/1.5.1/src/rp2_common/pico_printf/printf.c.obj
 .text._ntoa_format
                0x10002fd0      0x250 CMakeFiles/display_oled.dir/C_/Users/duds2/.pico-sdk/sdk/1.5.1/src/rp2_common/pico_printf/printf.c.obj
 .text._out_char
                0x10003220       0x10 CMakeFiles/display_oled.dir/C_/Users/duds2/.pico-sdk/sdk/1.5.1/src/rp2_common/pico_printf/printf.c.obj
 .text._out_fct
                0x10003230       0x10 CMakeFiles/display_oled.dir/C_/Users/duds2/.pico-sdk/sdk/1.5.1/src/rp2_common/pico_printf/printf.c.obj
 .text._etoa    0x10003240      0x464 CMakeFiles/display_oled.dir/C_/Users/duds2/.pico-sdk/sdk/1.5.1/src/rp2_common/pico_printf/printf.c.obj
 .text._ftoa    0x100036a4      0x3c0 CMakeFiles/display_oled.dir/C_/Users/duds2/.pico-sdk/sdk/1.5.1/src/rp2_common/pico_printf/printf.c.obj
 .text._vsnprintf
                0x10003a64      0xbc8 CMakeFiles/display_oled.dir/C_/Users/duds2/.pico-sdk/sdk/1.5.1/src/rp2_common/pico_printf/printf.c.obj
 .text.vfctprintf
                0x1000462c       0x20 CMakeFiles/display_oled.dir/C_/Users/duds2/.pico-sdk/sdk/1.5.1/src/rp2_common/pico_printf/printf.c.obj
                0x1000462c                vfctprintf
 .text.weak_raw_vprintf
                0x1000464c       0x30 CMakeFiles/display_oled.dir/C_/Users/duds2/.pico-sdk/sdk/1.5.1/src/rp2_common/pico_printf/printf.c.obj
                0x1000464c                weak_raw_vprintf
 .text          0x1000467c       0x10 CMakeFiles/display_oled.dir/C_/Users/duds2/.pico-sdk/sdk/1.5.1/src/rp2_common/pico_bit_ops/bit_ops_aeabi.S.obj
 .text.rom_func_lookup
                0x1000468c       0x10 CMakeFiles/display_oled.dir/C_/Users/duds2/.pico-sdk/sdk/1.5.1/src/rp2_common/pico_bootrom/bootrom.c.obj
                0x1000468c                rom_func_lookup
 .text.rom_data_lookup
                0x1000469c       0x10 CMakeFiles/display_oled.dir/C_/Users/duds2/.pico-sdk/sdk/1.5.1/src/rp2_common/pico_bootrom/bootrom.c.obj
                0x1000469c                rom_data_lookup
 .text.rom_funcs_lookup
                0x100046ac       0x44 CMakeFiles/display_oled.dir/C_/Users/duds2/.pico-sdk/sdk/1.5.1/src/rp2_common/pico_bootrom/bootrom.c.obj
                0x100046ac                rom_funcs_lookup
 .text.__wrap___aeabi_idiv
                0x100046f0       0x50 CMakeFiles/display_oled.dir/C_/Users/duds2/.pico-sdk/sdk/1.5.1/src/rp2_common/pico_divider/divider.S.obj
                0x100046f0                __wrap___aeabi_idivmod
                0x100046f0                divmod_s32s32
                0x100046f0                div_s32s32
                0x100046f0                __wrap___aeabi_idiv
                0x100046f8                divmod_s32s32_unsafe
                0x10004724                divmod_s32s32_savestate
 .text.__wrap___aeabi_uidiv
                0x10004740       0x4c CMakeFiles/display_oled.dir/C_/Users/duds2/.pico-sdk/sdk/1.5.1/src/rp2_common/pico_divider/divider.S.obj
                0x10004740                __wrap___aeabi_uidiv
                0x10004740                __wrap___aeabi_uidivmod
                0x10004740                div_u32u32
                0x10004740                divmod_u32u32
                0x10004748                divmod_u32u32_unsafe
                0x10004770                divmod_u32u32_savestate
 .text.__wrap___aeabi_ldiv
                0x1000478c      0x424 CMakeFiles/display_oled.dir/C_/Users/duds2/.pico-sdk/sdk/1.5.1/src/rp2_common/pico_divider/divider.S.obj
                0x1000478c                div_s64s64
                0x1000478c                divmod_s64s64
                0x1000478c                __wrap___aeabi_ldivmod
                0x100047bc                divmod_u64u64
                0x100047bc                div_u64u64
                0x100047bc                __wrap___aeabi_uldivmod
                0x100047cc                divmod_u64u64_savestate
                0x100047ec                divmod_s64s64_unsafe
                0x10004874                divmod_u64u64_unsafe
 .text.__wrap___aeabi_darithmetic
                0x10004bb0       0x60 CMakeFiles/display_oled.dir/C_/Users/duds2/.pico-sdk/sdk/1.5.1/src/rp2_common/pico_double/double_aeabi.S.obj
                0x10004bb0                __wrap___aeabi_drsub
                0x10004bb6                __wrap___aeabi_dsub
                0x10004bc0                __wrap___aeabi_dadd
                0x10004bca                __wrap___aeabi_ddiv
                0x10004bfe                __wrap___aeabi_dmul
 .text.__wrap___aeabi_cdcmple
                0x10004c10       0x6c CMakeFiles/display_oled.dir/C_/Users/duds2/.pico-sdk/sdk/1.5.1/src/rp2_common/pico_double/double_aeabi.S.obj
                0x10004c10                __wrap___aeabi_cdrcmple
                0x10004c20                __wrap___aeabi_cdcmpeq
                0x10004c20                __wrap___aeabi_cdcmple
 .text.__wrap___aeabi_dcmplt
                0x10004c7c        0xc CMakeFiles/display_oled.dir/C_/Users/duds2/.pico-sdk/sdk/1.5.1/src/rp2_common/pico_double/double_aeabi.S.obj
                0x10004c7c                __wrap___aeabi_dcmplt
 .text.__wrap___aeabi_dcmpge
                0x10004c88       0x10 CMakeFiles/display_oled.dir/C_/Users/duds2/.pico-sdk/sdk/1.5.1/src/rp2_common/pico_double/double_aeabi.S.obj
                0x10004c88                __wrap___aeabi_dcmpge
 .text.__wrap___aeabi_dcmpgt
                0x10004c98        0xa CMakeFiles/display_oled.dir/C_/Users/duds2/.pico-sdk/sdk/1.5.1/src/rp2_common/pico_double/double_aeabi.S.obj
                0x10004c98                __wrap___aeabi_dcmpgt
 .text.__wrap___aeabi_dcmpun
                0x10004ca2       0x1c CMakeFiles/display_oled.dir/C_/Users/duds2/.pico-sdk/sdk/1.5.1/src/rp2_common/pico_double/double_aeabi.S.obj
                0x10004ca2                __wrap___aeabi_dcmpun
 *fill*         0x10004cbe        0x2 
 .text.__wrap___aeabi_i2d
                0x10004cc0       0x38 CMakeFiles/display_oled.dir/C_/Users/duds2/.pico-sdk/sdk/1.5.1/src/rp2_common/pico_double/double_aeabi.S.obj
                0x10004cc0                __wrap___aeabi_ui2d
                0x10004cc8                __wrap___aeabi_i2d
 .text.__wrap___aeabi_d2iz
                0x10004cf8       0x48 CMakeFiles/display_oled.dir/C_/Users/duds2/.pico-sdk/sdk/1.5.1/src/rp2_common/pico_double/double_aeabi.S.obj
                0x10004cf8                double2int_z
                0x10004cf8                __wrap___aeabi_d2iz
 .text.__wrap___aeabi_d2uiz
                0x10004d40       0x10 CMakeFiles/display_oled.dir/C_/Users/duds2/.pico-sdk/sdk/1.5.1/src/rp2_common/pico_double/double_aeabi.S.obj
                0x10004d40                __wrap___aeabi_d2uiz
                0x10004d40                double2uint
 .text.missing_double_func_shim
                0x10004d50        0xc CMakeFiles/display_oled.dir/C_/Users/duds2/.pico-sdk/sdk/1.5.1/src/rp2_common/pico_double/double_init_rom.c.obj
 .text.__aeabi_double_init
                0x10004d5c       0x94 CMakeFiles/display_oled.dir/C_/Users/duds2/.pico-sdk/sdk/1.5.1/src/rp2_common/pico_double/double_init_rom.c.obj
                0x10004d5c                __aeabi_double_init
 .text.double_table_shim_on_use_helper
                0x10004df0       0x2c CMakeFiles/display_oled.dir/C_/Users/duds2/.pico-sdk/sdk/1.5.1/src/rp2_common/pico_double/double_v1_rom_shim.S.obj
                0x10004df0                double_table_shim_on_use_helper
 .text.__aeabi_lmul
                0x10004e1c       0x32 CMakeFiles/display_oled.dir/C_/Users/duds2/.pico-sdk/sdk/1.5.1/src/rp2_common/pico_int64_ops/pico_int64_ops_aeabi.S.obj
                0x10004e1c                __wrap___aeabi_lmul
 *fill*         0x10004e4e        0x2 
 .text.__wrap___aeabi_farithmetic
                0x10004e50       0x48 CMakeFiles/display_oled.dir/C_/Users/duds2/.pico-sdk/sdk/1.5.1/src/rp2_common/pico_float/float_aeabi.S.obj
                0x10004e50                __wrap___aeabi_frsub
                0x10004e56                __wrap___aeabi_fsub
                0x10004e5c                __wrap___aeabi_fadd
                0x10004e62                __wrap___aeabi_fdiv
                0x10004e8a                __wrap___aeabi_fmul
 .text.__wrap___aeabi_ui2f
                0x10004e98        0xa CMakeFiles/display_oled.dir/C_/Users/duds2/.pico-sdk/sdk/1.5.1/src/rp2_common/pico_float/float_aeabi.S.obj
                0x10004e98                __wrap___aeabi_ui2f
 *fill*         0x10004ea2        0x2 
 .text.__wrap___aeabi_i2f
                0x10004ea4       0x44 CMakeFiles/display_oled.dir/C_/Users/duds2/.pico-sdk/sdk/1.5.1/src/rp2_common/pico_float/float_aeabi.S.obj
                0x10004ea4                __wrap___aeabi_i2f
 .text.__wrap___aeabi_f2uiz
                0x10004ee8        0xc CMakeFiles/display_oled.dir/C_/Users/duds2/.pico-sdk/sdk/1.5.1/src/rp2_common/pico_float/float_aeabi.S.obj
                0x10004ee8                __wrap___aeabi_f2uiz
 .text.missing_float_func_shim
                0x10004ef4        0xc CMakeFiles/display_oled.dir/C_/Users/duds2/.pico-sdk/sdk/1.5.1/src/rp2_common/pico_float/float_init_rom.c.obj
 .text.__aeabi_float_init
                0x10004f00       0x5c CMakeFiles/display_oled.dir/C_/Users/duds2/.pico-sdk/sdk/1.5.1/src/rp2_common/pico_float/float_init_rom.c.obj
                0x10004f00                __aeabi_float_init
 .text.__wrap_malloc
                0x10004f5c       0x24 CMakeFiles/display_oled.dir/C_/Users/duds2/.pico-sdk/sdk/1.5.1/src/rp2_common/pico_malloc/pico_malloc.c.obj
                0x10004f5c                __wrap_malloc
 .text.__wrap_calloc
                0x10004f80       0x24 CMakeFiles/display_oled.dir/C_/Users/duds2/.pico-sdk/sdk/1.5.1/src/rp2_common/pico_malloc/pico_malloc.c.obj
                0x10004f80                __wrap_calloc
 .text.__wrap_free
                0x10004fa4        0x8 CMakeFiles/display_oled.dir/C_/Users/duds2/.pico-sdk/sdk/1.5.1/src/rp2_common/pico_malloc/pico_malloc.c.obj
                0x10004fa4                __wrap_free
 .text          0x10004fac       0x10 CMakeFiles/display_oled.dir/C_/Users/duds2/.pico-sdk/sdk/1.5.1/src/rp2_common/pico_mem_ops/mem_ops_aeabi.S.obj
                0x10004fac                __aeabi_mem_init
 .text.memset   0x10004fbc        0xc CMakeFiles/display_oled.dir/C_/Users/duds2/.pico-sdk/sdk/1.5.1/src/rp2_common/pico_mem_ops/mem_ops_aeabi.S.obj
                0x10004fbc                __wrap_memset
 .text.memcpy   0x10004fc8        0xc CMakeFiles/display_oled.dir/C_/Users/duds2/.pico-sdk/sdk/1.5.1/src/rp2_common/pico_mem_ops/mem_ops_aeabi.S.obj
                0x10004fc8                __wrap_memcpy
                0x10004fc8                __wrap___aeabi_memcpy
 .text.stdio_out_chars_crlf
                0x10004fd4       0x94 CMakeFiles/display_oled.dir/C_/Users/duds2/.pico-sdk/sdk/1.5.1/src/rp2_common/pico_stdio/stdio.c.obj
 .text.stdio_buffered_printer
                0x10005068       0x64 CMakeFiles/display_oled.dir/C_/Users/duds2/.pico-sdk/sdk/1.5.1/src/rp2_common/pico_stdio/stdio.c.obj
 .text.__wrap_putchar
                0x100050cc       0x98 CMakeFiles/display_oled.dir/C_/Users/duds2/.pico-sdk/sdk/1.5.1/src/rp2_common/pico_stdio/stdio.c.obj
                0x100050cc                __wrap_putchar
 .text.__wrap_puts
                0x10005164       0xe0 CMakeFiles/display_oled.dir/C_/Users/duds2/.pico-sdk/sdk/1.5.1/src/rp2_common/pico_stdio/stdio.c.obj
                0x10005164                __wrap_puts
 .text.stdio_set_driver_enabled
                0x10005244       0x30 CMakeFiles/display_oled.dir/C_/Users/duds2/.pico-sdk/sdk/1.5.1/src/rp2_common/pico_stdio/stdio.c.obj
                0x10005244                stdio_set_driver_enabled
 .text.__wrap_vprintf
                0x10005274       0xd4 CMakeFiles/display_oled.dir/C_/Users/duds2/.pico-sdk/sdk/1.5.1/src/rp2_common/pico_stdio/stdio.c.obj
                0x10005274                __wrap_vprintf
 .text.__wrap_printf
                0x10005348       0x18 CMakeFiles/display_oled.dir/C_/Users/duds2/.pico-sdk/sdk/1.5.1/src/rp2_common/pico_stdio/stdio.c.obj
                0x10005348                __wrap_printf
 .text.stdio_init_all
                0x10005360        0x8 CMakeFiles/display_oled.dir/C_/Users/duds2/.pico-sdk/sdk/1.5.1/src/rp2_common/pico_stdio/stdio.c.obj
                0x10005360                stdio_init_all
 .text.resetd_init
                0x10005368        0x4 CMakeFiles/display_oled.dir/C_/Users/duds2/.pico-sdk/sdk/1.5.1/src/rp2_common/pico_stdio_usb/reset_interface.c.obj
 .text.resetd_reset
                0x1000536c        0xc CMakeFiles/display_oled.dir/C_/Users/duds2/.pico-sdk/sdk/1.5.1/src/rp2_common/pico_stdio_usb/reset_interface.c.obj
 .text.resetd_open
                0x10005378       0x28 CMakeFiles/display_oled.dir/C_/Users/duds2/.pico-sdk/sdk/1.5.1/src/rp2_common/pico_stdio_usb/reset_interface.c.obj
 .text.resetd_xfer_cb
                0x100053a0        0x4 CMakeFiles/display_oled.dir/C_/Users/duds2/.pico-sdk/sdk/1.5.1/src/rp2_common/pico_stdio_usb/reset_interface.c.obj
 .text.resetd_control_xfer_cb
                0x100053a4       0x60 CMakeFiles/display_oled.dir/C_/Users/duds2/.pico-sdk/sdk/1.5.1/src/rp2_common/pico_stdio_usb/reset_interface.c.obj
 .text.usbd_app_driver_get_cb
                0x10005404        0xc CMakeFiles/display_oled.dir/C_/Users/duds2/.pico-sdk/sdk/1.5.1/src/rp2_common/pico_stdio_usb/reset_interface.c.obj
                0x10005404                usbd_app_driver_get_cb
 .text.tud_cdc_line_coding_cb
                0x10005410       0x34 CMakeFiles/display_oled.dir/C_/Users/duds2/.pico-sdk/sdk/1.5.1/src/rp2_common/pico_stdio_usb/reset_interface.c.obj
                0x10005410                tud_cdc_line_coding_cb
 .text.stdio_usb_set_chars_available_callback
                0x10005444       0x14 CMakeFiles/display_oled.dir/C_/Users/duds2/.pico-sdk/sdk/1.5.1/src/rp2_common/pico_stdio_usb/stdio_usb.c.obj
                0x10005444                stdio_usb_set_chars_available_callback
 .text.usb_irq  0x10005458       0x10 CMakeFiles/display_oled.dir/C_/Users/duds2/.pico-sdk/sdk/1.5.1/src/rp2_common/pico_stdio_usb/stdio_usb.c.obj
 .text.timer_task
                0x10005468       0x54 CMakeFiles/display_oled.dir/C_/Users/duds2/.pico-sdk/sdk/1.5.1/src/rp2_common/pico_stdio_usb/stdio_usb.c.obj
 .text.stdio_usb_in_chars
                0x100054bc       0x90 CMakeFiles/display_oled.dir/C_/Users/duds2/.pico-sdk/sdk/1.5.1/src/rp2_common/pico_stdio_usb/stdio_usb.c.obj
                0x100054bc                stdio_usb_in_chars
 .text.stdio_usb_out_chars
                0x1000554c      0x104 CMakeFiles/display_oled.dir/C_/Users/duds2/.pico-sdk/sdk/1.5.1/src/rp2_common/pico_stdio_usb/stdio_usb.c.obj
 .text.low_priority_worker_irq
                0x10005650       0xa8 CMakeFiles/display_oled.dir/C_/Users/duds2/.pico-sdk/sdk/1.5.1/src/rp2_common/pico_stdio_usb/stdio_usb.c.obj
 .text.tud_cdc_rx_cb
                0x100056f8       0x20 CMakeFiles/display_oled.dir/C_/Users/duds2/.pico-sdk/sdk/1.5.1/src/rp2_common/pico_stdio_usb/stdio_usb.c.obj
                0x100056f8                tud_cdc_rx_cb
 .text.stdio_usb_init
                0x10005718       0xe0 CMakeFiles/display_oled.dir/C_/Users/duds2/.pico-sdk/sdk/1.5.1/src/rp2_common/pico_stdio_usb/stdio_usb.c.obj
                0x10005718                stdio_usb_init
 .text.tud_descriptor_device_cb
                0x100057f8        0x8 CMakeFiles/display_oled.dir/C_/Users/duds2/.pico-sdk/sdk/1.5.1/src/rp2_common/pico_stdio_usb/stdio_usb_descriptors.c.obj
                0x100057f8                tud_descriptor_device_cb
 .text.tud_descriptor_configuration_cb
                0x10005800        0x8 CMakeFiles/display_oled.dir/C_/Users/duds2/.pico-sdk/sdk/1.5.1/src/rp2_common/pico_stdio_usb/stdio_usb_descriptors.c.obj
                0x10005800                tud_descriptor_configuration_cb
 .text.tud_descriptor_string_cb
                0x10005808       0x78 CMakeFiles/display_oled.dir/C_/Users/duds2/.pico-sdk/sdk/1.5.1/src/rp2_common/pico_stdio_usb/stdio_usb_descriptors.c.obj
                0x10005808                tud_descriptor_string_cb
 .text.startup._retrieve_unique_id_on_boot
                0x10005880       0x10 CMakeFiles/display_oled.dir/C_/Users/duds2/.pico-sdk/sdk/1.5.1/src/rp2_common/pico_unique_id/unique_id.c.obj
 .text.pico_get_unique_board_id_string
                0x10005890      0x1a8 CMakeFiles/display_oled.dir/C_/Users/duds2/.pico-sdk/sdk/1.5.1/src/rp2_common/pico_unique_id/unique_id.c.obj
                0x10005890                pico_get_unique_board_id_string
 .text.flash_get_unique_id
                0x10005a38       0x3c CMakeFiles/display_oled.dir/C_/Users/duds2/.pico-sdk/sdk/1.5.1/src/rp2_common/hardware_flash/flash.c.obj
                0x10005a38                flash_get_unique_id
 .text.dcd_int_enable
                0x10005a74        0xc CMakeFiles/display_oled.dir/C_/Users/duds2/.pico-sdk/sdk/1.5.1/lib/tinyusb/src/portable/raspberrypi/rp2040/dcd_rp2040.c.obj
                0x10005a74                dcd_int_enable
 .text.dcd_set_address
                0x10005a80       0x14 CMakeFiles/display_oled.dir/C_/Users/duds2/.pico-sdk/sdk/1.5.1/lib/tinyusb/src/portable/raspberrypi/rp2040/dcd_rp2040.c.obj
                0x10005a80                dcd_set_address
 .text.dcd_connect
                0x10005a94       0x10 CMakeFiles/display_oled.dir/C_/Users/duds2/.pico-sdk/sdk/1.5.1/lib/tinyusb/src/portable/raspberrypi/rp2040/dcd_rp2040.c.obj
                0x10005a94                dcd_connect
 .text.dcd_init
                0x10005aa4       0x98 CMakeFiles/display_oled.dir/C_/Users/duds2/.pico-sdk/sdk/1.5.1/lib/tinyusb/src/portable/raspberrypi/rp2040/dcd_rp2040.c.obj
                0x10005aa4                dcd_init
 .text.dcd_edpt0_status_complete
                0x10005b3c       0x1c CMakeFiles/display_oled.dir/C_/Users/duds2/.pico-sdk/sdk/1.5.1/lib/tinyusb/src/portable/raspberrypi/rp2040/dcd_rp2040.c.obj
                0x10005b3c                dcd_edpt0_status_complete
 .text.dcd_edpt_open
                0x10005b58      0x108 CMakeFiles/display_oled.dir/C_/Users/duds2/.pico-sdk/sdk/1.5.1/lib/tinyusb/src/portable/raspberrypi/rp2040/dcd_rp2040.c.obj
                0x10005b58                dcd_edpt_open
 .text.dcd_edpt_close_all
                0x10005c60        0x8 CMakeFiles/display_oled.dir/C_/Users/duds2/.pico-sdk/sdk/1.5.1/lib/tinyusb/src/portable/raspberrypi/rp2040/dcd_rp2040.c.obj
                0x10005c60                dcd_edpt_close_all
 .text.dcd_edpt_xfer
                0x10005c68       0x24 CMakeFiles/display_oled.dir/C_/Users/duds2/.pico-sdk/sdk/1.5.1/lib/tinyusb/src/portable/raspberrypi/rp2040/dcd_rp2040.c.obj
                0x10005c68                dcd_edpt_xfer
 .text.dcd_edpt_stall
                0x10005c8c       0x34 CMakeFiles/display_oled.dir/C_/Users/duds2/.pico-sdk/sdk/1.5.1/lib/tinyusb/src/portable/raspberrypi/rp2040/dcd_rp2040.c.obj
                0x10005c8c                dcd_edpt_stall
 .text.dcd_edpt_clear_stall
                0x10005cc0       0x30 CMakeFiles/display_oled.dir/C_/Users/duds2/.pico-sdk/sdk/1.5.1/lib/tinyusb/src/portable/raspberrypi/rp2040/dcd_rp2040.c.obj
                0x10005cc0                dcd_edpt_clear_stall
 .text.rp2040_usb_init
                0x10005cf0       0x4c CMakeFiles/display_oled.dir/C_/Users/duds2/.pico-sdk/sdk/1.5.1/lib/tinyusb/src/portable/raspberrypi/rp2040/rp2040_usb.c.obj
                0x10005cf0                rp2040_usb_init
 .text.hw_endpoint_xfer_start
                0x10005d3c       0x40 CMakeFiles/display_oled.dir/C_/Users/duds2/.pico-sdk/sdk/1.5.1/lib/tinyusb/src/portable/raspberrypi/rp2040/rp2040_usb.c.obj
                0x10005d3c                hw_endpoint_xfer_start
 .text.tud_mounted
                0x10005d7c       0x10 CMakeFiles/display_oled.dir/C_/Users/duds2/.pico-sdk/sdk/1.5.1/lib/tinyusb/src/device/usbd.c.obj
                0x10005d7c                tud_mounted
 .text.tud_suspended
                0x10005d8c       0x10 CMakeFiles/display_oled.dir/C_/Users/duds2/.pico-sdk/sdk/1.5.1/lib/tinyusb/src/device/usbd.c.obj
                0x10005d8c                tud_suspended
 .text.tud_inited
                0x10005d9c       0x14 CMakeFiles/display_oled.dir/C_/Users/duds2/.pico-sdk/sdk/1.5.1/lib/tinyusb/src/device/usbd.c.obj
                0x10005d9c                tud_inited
 .text.tud_init
                0x10005db0       0xdc CMakeFiles/display_oled.dir/C_/Users/duds2/.pico-sdk/sdk/1.5.1/lib/tinyusb/src/device/usbd.c.obj
                0x10005db0                tud_init
 .text.tud_task_ext
                0x10005e8c      0x850 CMakeFiles/display_oled.dir/C_/Users/duds2/.pico-sdk/sdk/1.5.1/lib/tinyusb/src/device/usbd.c.obj
                0x10005e8c                tud_task_ext
 .text.usbd_open_edpt_pair
                0x100066dc       0x9c CMakeFiles/display_oled.dir/C_/Users/duds2/.pico-sdk/sdk/1.5.1/lib/tinyusb/src/device/usbd.c.obj
                0x100066dc                usbd_open_edpt_pair
 .text.usbd_defer_func
                0x10006778       0x48 CMakeFiles/display_oled.dir/C_/Users/duds2/.pico-sdk/sdk/1.5.1/lib/tinyusb/src/device/usbd.c.obj
                0x10006778                usbd_defer_func
 .text.usbd_edpt_open
                0x100067c0       0x34 CMakeFiles/display_oled.dir/C_/Users/duds2/.pico-sdk/sdk/1.5.1/lib/tinyusb/src/device/usbd.c.obj
                0x100067c0                usbd_edpt_open
 .text.usbd_edpt_claim
                0x100067f4       0x28 CMakeFiles/display_oled.dir/C_/Users/duds2/.pico-sdk/sdk/1.5.1/lib/tinyusb/src/device/usbd.c.obj
                0x100067f4                usbd_edpt_claim
 .text.usbd_edpt_release
                0x1000681c       0x28 CMakeFiles/display_oled.dir/C_/Users/duds2/.pico-sdk/sdk/1.5.1/lib/tinyusb/src/device/usbd.c.obj
                0x1000681c                usbd_edpt_release
 .text.usbd_edpt_xfer
                0x10006844       0x4c CMakeFiles/display_oled.dir/C_/Users/duds2/.pico-sdk/sdk/1.5.1/lib/tinyusb/src/device/usbd.c.obj
                0x10006844                usbd_edpt_xfer
 .text.tud_control_status
                0x10006890       0x2c CMakeFiles/display_oled.dir/C_/Users/duds2/.pico-sdk/sdk/1.5.1/lib/tinyusb/src/device/usbd_control.c.obj
                0x10006890                tud_control_status
 .text.tud_control_xfer
                0x100068bc       0xac CMakeFiles/display_oled.dir/C_/Users/duds2/.pico-sdk/sdk/1.5.1/lib/tinyusb/src/device/usbd_control.c.obj
                0x100068bc                tud_control_xfer
 .text.usbd_control_reset
                0x10006968       0x14 CMakeFiles/display_oled.dir/C_/Users/duds2/.pico-sdk/sdk/1.5.1/lib/tinyusb/src/device/usbd_control.c.obj
                0x10006968                usbd_control_reset
 .text.usbd_control_set_complete_callback
                0x1000697c        0xc CMakeFiles/display_oled.dir/C_/Users/duds2/.pico-sdk/sdk/1.5.1/lib/tinyusb/src/device/usbd_control.c.obj
                0x1000697c                usbd_control_set_complete_callback
 .text.usbd_control_set_request
                0x10006988       0x1c CMakeFiles/display_oled.dir/C_/Users/duds2/.pico-sdk/sdk/1.5.1/lib/tinyusb/src/device/usbd_control.c.obj
                0x10006988                usbd_control_set_request
 .text.usbd_control_xfer_cb
                0x100069a4       0xf4 CMakeFiles/display_oled.dir/C_/Users/duds2/.pico-sdk/sdk/1.5.1/lib/tinyusb/src/device/usbd_control.c.obj
                0x100069a4                usbd_control_xfer_cb
 .text.tud_cdc_n_connected
                0x10006a98       0x30 CMakeFiles/display_oled.dir/C_/Users/duds2/.pico-sdk/sdk/1.5.1/lib/tinyusb/src/class/cdc/cdc_device.c.obj
                0x10006a98                tud_cdc_n_connected
 .text.tud_cdc_n_available
                0x10006ac8       0x18 CMakeFiles/display_oled.dir/C_/Users/duds2/.pico-sdk/sdk/1.5.1/lib/tinyusb/src/class/cdc/cdc_device.c.obj
                0x10006ac8                tud_cdc_n_available
 .text.tud_cdc_n_read
                0x10006ae0       0x70 CMakeFiles/display_oled.dir/C_/Users/duds2/.pico-sdk/sdk/1.5.1/lib/tinyusb/src/class/cdc/cdc_device.c.obj
                0x10006ae0                tud_cdc_n_read
 .text.tud_cdc_n_write_flush
                0x10006b50       0x78 CMakeFiles/display_oled.dir/C_/Users/duds2/.pico-sdk/sdk/1.5.1/lib/tinyusb/src/class/cdc/cdc_device.c.obj
                0x10006b50                tud_cdc_n_write_flush
 .text.tud_cdc_n_write
                0x10006bc8       0x34 CMakeFiles/display_oled.dir/C_/Users/duds2/.pico-sdk/sdk/1.5.1/lib/tinyusb/src/class/cdc/cdc_device.c.obj
                0x10006bc8                tud_cdc_n_write
 .text.tud_cdc_n_write_available
                0x10006bfc       0x18 CMakeFiles/display_oled.dir/C_/Users/duds2/.pico-sdk/sdk/1.5.1/lib/tinyusb/src/class/cdc/cdc_device.c.obj
                0x10006bfc                tud_cdc_n_write_available
 .text.cdcd_init
                0x10006c14       0x7c CMakeFiles/display_oled.dir/C_/Users/duds2/.pico-sdk/sdk/1.5.1/lib/tinyusb/src/class/cdc/cdc_device.c.obj
                0x10006c14                cdcd_init
 .text.cdcd_reset
                0x10006c90       0x2c CMakeFiles/display_oled.dir/C_/Users/duds2/.pico-sdk/sdk/1.5.1/lib/tinyusb/src/class/cdc/cdc_device.c.obj
                0x10006c90                cdcd_reset
 .text.cdcd_open
                0x10006cbc       0xe4 CMakeFiles/display_oled.dir/C_/Users/duds2/.pico-sdk/sdk/1.5.1/lib/tinyusb/src/class/cdc/cdc_device.c.obj
                0x10006cbc                cdcd_open
 .text.cdcd_control_xfer_cb
                0x10006da0       0xe4 CMakeFiles/display_oled.dir/C_/Users/duds2/.pico-sdk/sdk/1.5.1/lib/tinyusb/src/class/cdc/cdc_device.c.obj
                0x10006da0                cdcd_control_xfer_cb
 .text.cdcd_xfer_cb
                0x10006e84      0x13c CMakeFiles/display_oled.dir/C_/Users/duds2/.pico-sdk/sdk/1.5.1/lib/tinyusb/src/class/cdc/cdc_device.c.obj
                0x10006e84                cdcd_xfer_cb
 .text.tusb_init
                0x10006fc0        0xc CMakeFiles/display_oled.dir/C_/Users/duds2/.pico-sdk/sdk/1.5.1/lib/tinyusb/src/tusb.c.obj
                0x10006fc0                tusb_init
 .text.tusb_inited
                0x10006fcc        0x8 CMakeFiles/display_oled.dir/C_/Users/duds2/.pico-sdk/sdk/1.5.1/lib/tinyusb/src/tusb.c.obj
                0x10006fcc                tusb_inited
 .text.tu_edpt_claim
                0x10006fd4       0x50 CMakeFiles/display_oled.dir/C_/Users/duds2/.pico-sdk/sdk/1.5.1/lib/tinyusb/src/tusb.c.obj
                0x10006fd4                tu_edpt_claim
 .text.tu_edpt_release
                0x10007024       0x38 CMakeFiles/display_oled.dir/C_/Users/duds2/.pico-sdk/sdk/1.5.1/lib/tinyusb/src/tusb.c.obj
                0x10007024                tu_edpt_release
 .text.tu_edpt_validate
                0x1000705c       0x7c CMakeFiles/display_oled.dir/C_/Users/duds2/.pico-sdk/sdk/1.5.1/lib/tinyusb/src/tusb.c.obj
                0x1000705c                tu_edpt_validate
 .text.tu_edpt_bind_driver
                0x100070d8       0x34 CMakeFiles/display_oled.dir/C_/Users/duds2/.pico-sdk/sdk/1.5.1/lib/tinyusb/src/tusb.c.obj
                0x100070d8                tu_edpt_bind_driver
 .text.tu_fifo_config
                0x1000710c       0x6c CMakeFiles/display_oled.dir/C_/Users/duds2/.pico-sdk/sdk/1.5.1/lib/tinyusb/src/common/tusb_fifo.c.obj
                0x1000710c                tu_fifo_config
 .text.tu_fifo_count
                0x10007178       0x2c CMakeFiles/display_oled.dir/C_/Users/duds2/.pico-sdk/sdk/1.5.1/lib/tinyusb/src/common/tusb_fifo.c.obj
                0x10007178                tu_fifo_count
 .text.tu_fifo_empty
                0x100071a4       0x10 CMakeFiles/display_oled.dir/C_/Users/duds2/.pico-sdk/sdk/1.5.1/lib/tinyusb/src/common/tusb_fifo.c.obj
                0x100071a4                tu_fifo_empty
 .text.tu_fifo_remaining
                0x100071b4       0x2c CMakeFiles/display_oled.dir/C_/Users/duds2/.pico-sdk/sdk/1.5.1/lib/tinyusb/src/common/tusb_fifo.c.obj
                0x100071b4                tu_fifo_remaining
 .text.tu_fifo_read
                0x100071e0       0x9c CMakeFiles/display_oled.dir/C_/Users/duds2/.pico-sdk/sdk/1.5.1/lib/tinyusb/src/common/tusb_fifo.c.obj
                0x100071e0                tu_fifo_read
 .text.tu_fifo_read_n
                0x1000727c       0xe8 CMakeFiles/display_oled.dir/C_/Users/duds2/.pico-sdk/sdk/1.5.1/lib/tinyusb/src/common/tusb_fifo.c.obj
                0x1000727c                tu_fifo_read_n
 .text.tu_fifo_write
                0x10007364       0xa8 CMakeFiles/display_oled.dir/C_/Users/duds2/.pico-sdk/sdk/1.5.1/lib/tinyusb/src/common/tusb_fifo.c.obj
                0x10007364                tu_fifo_write
 .text.tu_fifo_write_n
                0x1000740c      0x178 CMakeFiles/display_oled.dir/C_/Users/duds2/.pico-sdk/sdk/1.5.1/lib/tinyusb/src/common/tusb_fifo.c.obj
                0x1000740c                tu_fifo_write_n
 .text.tu_fifo_clear
                0x10007584       0x40 CMakeFiles/display_oled.dir/C_/Users/duds2/.pico-sdk/sdk/1.5.1/lib/tinyusb/src/common/tusb_fifo.c.obj
                0x10007584                tu_fifo_clear
 .text.tu_fifo_set_overwritable
                0x100075c4       0x48 CMakeFiles/display_oled.dir/C_/Users/duds2/.pico-sdk/sdk/1.5.1/lib/tinyusb/src/common/tusb_fifo.c.obj
                0x100075c4                tu_fifo_set_overwritable
 .text.i2c_set_baudrate
                0x1000760c       0xc4 CMakeFiles/display_oled.dir/C_/Users/duds2/.pico-sdk/sdk/1.5.1/src/rp2_common/hardware_i2c/i2c.c.obj
                0x1000760c                i2c_set_baudrate
 .text.i2c_init
                0x100076d0       0x50 CMakeFiles/display_oled.dir/C_/Users/duds2/.pico-sdk/sdk/1.5.1/src/rp2_common/hardware_i2c/i2c.c.obj
                0x100076d0                i2c_init
 .text.i2c_write_blocking
                0x10007720       0xd0 CMakeFiles/display_oled.dir/C_/Users/duds2/.pico-sdk/sdk/1.5.1/src/rp2_common/hardware_i2c/i2c.c.obj
                0x10007720                i2c_write_blocking
 .text.dma_claim_unused_channel
                0x100077f0       0x24 CMakeFiles/display_oled.dir/C_/Users/duds2/.pico-sdk/sdk/1.5.1/src/rp2_common/hardware_dma/dma.c.obj
                0x100077f0                dma_claim_unused_channel
 .text.adc_init
                0x10007814       0x38 CMakeFiles/display_oled.dir/C_/Users/duds2/.pico-sdk/sdk/1.5.1/src/rp2_common/hardware_adc/adc.c.obj
                0x10007814                adc_init
 .text.pio_claim_unused_sm
                0x1000784c       0x3c CMakeFiles/display_oled.dir/C_/Users/duds2/.pico-sdk/sdk/1.5.1/src/rp2_common/hardware_pio/pio.c.obj
                0x1000784c                pio_claim_unused_sm
 .text.pio_add_program
                0x10007888       0xf0 CMakeFiles/display_oled.dir/C_/Users/duds2/.pico-sdk/sdk/1.5.1/src/rp2_common/hardware_pio/pio.c.obj
                0x10007888                pio_add_program
 .text.pio_sm_set_consecutive_pindirs
                0x10007978       0xa8 CMakeFiles/display_oled.dir/C_/Users/duds2/.pico-sdk/sdk/1.5.1/src/rp2_common/hardware_pio/pio.c.obj
                0x10007978                pio_sm_set_consecutive_pindirs
 .text.pio_sm_init
                0x10007a20       0x98 CMakeFiles/display_oled.dir/C_/Users/duds2/.pico-sdk/sdk/1.5.1/src/rp2_common/hardware_pio/pio.c.obj
                0x10007a20                pio_sm_init
 .text.calloc   0x10007ab8       0x18 C:/Users/duds2/.pico-sdk/toolchain/13_3_Rel1/bin/../lib/gcc/arm-none-eabi/13.3.1/thumb/v6-m/nofp\libc.a(libc_a-calloc.o)
                0x10007ab8                calloc
 .text._calloc_r
                0x10007ad0       0xa8 C:/Users/duds2/.pico-sdk/toolchain/13_3_Rel1/bin/../lib/gcc/arm-none-eabi/13.3.1/thumb/v6-m/nofp\libc.a(libc_a-callocr.o)
                0x10007ad0                _calloc_r
 .text.malloc   0x10007b78       0x14 C:/Users/duds2/.pico-sdk/toolchain/13_3_Rel1/bin/../lib/gcc/arm-none-eabi/13.3.1/thumb/v6-m/nofp\libc.a(libc_a-malloc.o)
                0x10007b78                malloc
 .text.free     0x10007b8c       0x14 C:/Users/duds2/.pico-sdk/toolchain/13_3_Rel1/bin/../lib/gcc/arm-none-eabi/13.3.1/thumb/v6-m/nofp\libc.a(libc_a-malloc.o)
                0x10007b8c                free
 .text._malloc_r
                0x10007ba0      0x5c4 C:/Users/duds2/.pico-sdk/toolchain/13_3_Rel1/bin/../lib/gcc/arm-none-eabi/13.3.1/thumb/v6-m/nofp\libc.a(libc_a-mallocr.o)
                0x10007ba0                _malloc_r
 .text.__malloc_lock
                0x10008164       0x10 C:/Users/duds2/.pico-sdk/toolchain/13_3_Rel1/bin/../lib/gcc/arm-none-eabi/13.3.1/thumb/v6-m/nofp\libc.a(libc_a-mlock.o)
                0x10008164                __malloc_lock
 .text.__malloc_unlock
                0x10008174       0x10 C:/Users/duds2/.pico-sdk/toolchain/13_3_Rel1/bin/../lib/gcc/arm-none-eabi/13.3.1/thumb/v6-m/nofp\libc.a(libc_a-mlock.o)
                0x10008174                __malloc_unlock
 .text._sbrk_r  0x10008184       0x24 C:/Users/duds2/.pico-sdk/toolchain/13_3_Rel1/bin/../lib/gcc/arm-none-eabi/13.3.1/thumb/v6-m/nofp\libc.a(libc_a-sbrkr.o)
                0x10008184                _sbrk_r
 .text.__errno  0x100081a8        0xc C:/Users/duds2/.pico-sdk/toolchain/13_3_Rel1/bin/../lib/gcc/arm-none-eabi/13.3.1/thumb/v6-m/nofp\libc.a(libc_a-errno.o)
                0x100081a8                __errno
 .text.__retarget_lock_acquire_recursive
                0x100081b4        0x4 C:/Users/duds2/.pico-sdk/toolchain/13_3_Rel1/bin/../lib/gcc/arm-none-eabi/13.3.1/thumb/v6-m/nofp\libc.a(libc_a-lock.o)
                0x100081b4                __retarget_lock_acquire_recursive
 .text.__retarget_lock_release_recursive
                0x100081b8        0x4 C:/Users/duds2/.pico-sdk/toolchain/13_3_Rel1/bin/../lib/gcc/arm-none-eabi/13.3.1/thumb/v6-m/nofp\libc.a(libc_a-lock.o)
                0x100081b8                __retarget_lock_release_recursive
 .text.sysconf  0x100081bc       0x1c C:/Users/duds2/.pico-sdk/toolchain/13_3_Rel1/bin/../lib/gcc/arm-none-eabi/13.3.1/thumb/v6-m/nofp\libc.a(libc_a-sysconf.o)
                0x100081bc                sysconf
 .text.strlen   0x100081d8       0x5c C:/Users/duds2/.pico-sdk/toolchain/13_3_Rel1/bin/../lib/gcc/arm-none-eabi/13.3.1/thumb/v6-m/nofp\libc.a(libc_a-strlen-stub.o)
                0x100081d8                strlen
 .text._malloc_trim_r
                0x10008234       0xb4 C:/Users/duds2/.pico-sdk/toolchain/13_3_Rel1/bin/../lib/gcc/arm-none-eabi/13.3.1/thumb/v6-m/nofp\libc.a(libc_a-freer.o)
                0x10008234                _malloc_trim_r
 .text._free_r  0x100082e8      0x1d4 C:/Users/duds2/.pico-sdk/toolchain/13_3_Rel1/bin/../lib/gcc/arm-none-eabi/13.3.1/thumb/v6-m/nofp\libc.a(libc_a-freer.o)
                0x100082e8                _free_r
 *(.fini)
 .fini          0x100084bc        0x4 C:/Users/duds2/.pico-sdk/toolchain/13_3_Rel1/bin/../lib/gcc/arm-none-eabi/13.3.1/thumb/v6-m/nofp/crti.o
                0x100084bc                _fini
 .fini.__stub   0x100084c0       0xc0 linker stubs
 *crtbegin.o(.ctors)
 *crtbegin?.o(.ctors)
 *(EXCLUDE_FILE(*crtend.o *crtend?.o) .ctors)
 *(SORT_BY_NAME(.ctors.*))
 *(.ctors)
 *crtbegin.o(.dtors)
 *crtbegin?.o(.dtors)
 *(EXCLUDE_FILE(*crtend.o *crtend?.o) .dtors)
 *(SORT_BY_NAME(.dtors.*))
 *(.dtors)
 *(.eh_frame*)
 .eh_frame      0x10008580        0x0 C:/Users/duds2/.pico-sdk/toolchain/13_3_Rel1/bin/../lib/gcc/arm-none-eabi/13.3.1/thumb/v6-m/nofp/crtbegin.o
                0x10008580                        . = ALIGN (0x4)

.glue_7         0x10008580        0x0
 .glue_7        0x10008580        0x0 linker stubs

.glue_7t        0x10008580        0x0
 .glue_7t       0x10008580        0x0 linker stubs

.vfp11_veneer   0x10008580        0x0
 .vfp11_veneer  0x10008580        0x0 linker stubs

.v4_bx          0x10008580        0x0
 .v4_bx         0x10008580        0x0 linker stubs

.iplt           0x10008580        0x0
 .iplt          0x10008580        0x0 C:/Users/duds2/.pico-sdk/toolchain/13_3_Rel1/bin/../lib/gcc/arm-none-eabi/13.3.1/thumb/v6-m/nofp/crtbegin.o

.rodata         0x10008580     0x2314
 *(EXCLUDE_FILE(*libm.a: *libc.a:*lib_a-mem*.o *libgcc.a:) .rodata*)
 .rodata.render_on_display_dma.str1.4
                0x10008580      0x2a1 CMakeFiles/display_oled.dir/display_oled.c.obj
                                 0x3f (size before relaxing)
 .rodata.setup_dma.str1.4
                0x10008821       0x5d CMakeFiles/display_oled.dir/display_oled.c.obj
 *fill*         0x10008821        0x3 
 .rodata.img7   0x10008824      0x400 CMakeFiles/display_oled.dir/display_oled.c.obj
                0x10008824                img7
 .rodata.img6   0x10008c24      0x400 CMakeFiles/display_oled.dir/display_oled.c.obj
                0x10008c24                img6
 .rodata.img5   0x10009024      0x400 CMakeFiles/display_oled.dir/display_oled.c.obj
                0x10009024                img5
 .rodata.img4   0x10009424      0x400 CMakeFiles/display_oled.dir/display_oled.c.obj
                0x10009424                img4
 .rodata.img3   0x10009824      0x400 CMakeFiles/display_oled.dir/display_oled.c.obj
                0x10009824                img3
 .rodata.img2   0x10009c24      0x400 CMakeFiles/display_oled.dir/display_oled.c.obj
                0x10009c24                img2
 .rodata.img1   0x1000a024      0x400 CMakeFiles/display_oled.dir/display_oled.c.obj
                0x1000a024                img1
 .rodata.note_duration
                0x1000a424       0x6c CMakeFiles/display_oled.dir/display_oled.c.obj
                0x1000a424                note_duration
 .rodata.dance_notes
                0x1000a490       0x6c CMakeFiles/display_oled.dir/display_oled.c.obj
                0x1000a490                dance_notes
 .rodata.ws2818b_program
                0x1000a4fc        0x6 CMakeFiles/display_oled.dir/display_oled.c.obj
 *fill*         0x1000a502        0x2 
 .rodata.ws2818b_program_instructions
                0x1000a504        0x8 CMakeFiles/display_oled.dir/display_oled.c.obj
 .rodata        0x1000a50c       0x1a CMakeFiles/display_oled.dir/inc/ssd1306_i2c.c.obj
 .rodata.spin_lock_claim_unused.str1.4
                0x1000a526       0x1b CMakeFiles/display_oled.dir/C_/Users/duds2/.pico-sdk/sdk/1.5.1/src/rp2_common/hardware_sync/sync.c.obj
 .rodata.user_irq_claim_unused.str1.4
                0x1000a526       0x1b CMakeFiles/display_oled.dir/C_/Users/duds2/.pico-sdk/sdk/1.5.1/src/rp2_common/hardware_irq/irq.c.obj
 .rodata.hardware_alarm_claim.str1.4
                0x1000a526       0x22 CMakeFiles/display_oled.dir/C_/Users/duds2/.pico-sdk/sdk/1.5.1/src/rp2_common/hardware_timer/timer.c.obj
 .rodata.panic.str1.4
                0x1000a526       0x12 CMakeFiles/display_oled.dir/C_/Users/duds2/.pico-sdk/sdk/1.5.1/src/rp2_common/pico_runtime/runtime.c.obj
 .rodata.hard_assertion_failure.str1.4
                0x1000a526        0xc CMakeFiles/display_oled.dir/C_/Users/duds2/.pico-sdk/sdk/1.5.1/src/rp2_common/pico_runtime/runtime.c.obj
 .rodata._ftoa.str1.4
                0x1000a526       0x15 CMakeFiles/display_oled.dir/C_/Users/duds2/.pico-sdk/sdk/1.5.1/src/rp2_common/pico_printf/printf.c.obj
 *fill*         0x1000a526        0x2 
 .rodata._vsnprintf
                0x1000a528      0x19c CMakeFiles/display_oled.dir/C_/Users/duds2/.pico-sdk/sdk/1.5.1/src/rp2_common/pico_printf/printf.c.obj
 *fill*         0x1000a6c4        0x4 
 .rodata.pow10.0
                0x1000a6c8       0x50 CMakeFiles/display_oled.dir/C_/Users/duds2/.pico-sdk/sdk/1.5.1/src/rp2_common/pico_printf/printf.c.obj
 .rodata.missing_double_func_shim.str1.4
                0x1000a718       0x18 CMakeFiles/display_oled.dir/C_/Users/duds2/.pico-sdk/sdk/1.5.1/src/rp2_common/pico_double/double_init_rom.c.obj
 .rodata.missing_float_func_shim.str1.4
                0x1000a718        0x1 CMakeFiles/display_oled.dir/C_/Users/duds2/.pico-sdk/sdk/1.5.1/src/rp2_common/pico_float/float_init_rom.c.obj
 .rodata.__wrap_malloc.str1.4
                0x1000a718        0xe CMakeFiles/display_oled.dir/C_/Users/duds2/.pico-sdk/sdk/1.5.1/src/rp2_common/pico_malloc/pico_malloc.c.obj
 .rodata.str1.4
                0x1000a718       0x48 CMakeFiles/display_oled.dir/C_/Users/duds2/.pico-sdk/sdk/1.5.1/src/rp2_common/pico_standard_link/binary_info.c.obj
 .rodata.__bi_81
                0x1000a718        0xc CMakeFiles/display_oled.dir/C_/Users/duds2/.pico-sdk/sdk/1.5.1/src/rp2_common/pico_standard_link/binary_info.c.obj
 .rodata.__bi_75
                0x1000a724        0xc CMakeFiles/display_oled.dir/C_/Users/duds2/.pico-sdk/sdk/1.5.1/src/rp2_common/pico_standard_link/binary_info.c.obj
 .rodata.__bi_56
                0x1000a730        0xc CMakeFiles/display_oled.dir/C_/Users/duds2/.pico-sdk/sdk/1.5.1/src/rp2_common/pico_standard_link/binary_info.c.obj
 .rodata.__bi_44
                0x1000a73c        0xc CMakeFiles/display_oled.dir/C_/Users/duds2/.pico-sdk/sdk/1.5.1/src/rp2_common/pico_standard_link/binary_info.c.obj
 .rodata.crlf_str.0
                0x1000a748        0x2 CMakeFiles/display_oled.dir/C_/Users/duds2/.pico-sdk/sdk/1.5.1/src/rp2_common/pico_stdio/stdio.c.obj
 *fill*         0x1000a74a        0x2 
 .rodata._resetd_driver
                0x1000a74c       0x18 CMakeFiles/display_oled.dir/C_/Users/duds2/.pico-sdk/sdk/1.5.1/src/rp2_common/pico_stdio_usb/reset_interface.c.obj
 .rodata.str1.4
                0x1000a764       0x13 CMakeFiles/display_oled.dir/C_/Users/duds2/.pico-sdk/sdk/1.5.1/src/rp2_common/pico_stdio_usb/stdio_usb.c.obj
 .rodata.__bi_182.0
                0x1000a764        0xc CMakeFiles/display_oled.dir/C_/Users/duds2/.pico-sdk/sdk/1.5.1/src/rp2_common/pico_stdio_usb/stdio_usb.c.obj
 .rodata.str1.4
                0x1000a770       0x2a CMakeFiles/display_oled.dir/C_/Users/duds2/.pico-sdk/sdk/1.5.1/src/rp2_common/pico_stdio_usb/stdio_usb_descriptors.c.obj
 .rodata.usbd_desc_str
                0x1000a770       0x18 CMakeFiles/display_oled.dir/C_/Users/duds2/.pico-sdk/sdk/1.5.1/src/rp2_common/pico_stdio_usb/stdio_usb_descriptors.c.obj
 .rodata.usbd_desc_cfg
                0x1000a788       0x54 CMakeFiles/display_oled.dir/C_/Users/duds2/.pico-sdk/sdk/1.5.1/src/rp2_common/pico_stdio_usb/stdio_usb_descriptors.c.obj
 .rodata.usbd_desc_device
                0x1000a7dc       0x12 CMakeFiles/display_oled.dir/C_/Users/duds2/.pico-sdk/sdk/1.5.1/src/rp2_common/pico_stdio_usb/stdio_usb_descriptors.c.obj
 .rodata.str1.4
                0x1000a7ee       0x14 CMakeFiles/display_oled.dir/C_/Users/duds2/.pico-sdk/sdk/1.5.1/lib/tinyusb/src/portable/raspberrypi/rp2040/dcd_rp2040.c.obj
 .rodata.str1.4
                0x1000a7ee       0x53 CMakeFiles/display_oled.dir/C_/Users/duds2/.pico-sdk/sdk/1.5.1/lib/tinyusb/src/portable/raspberrypi/rp2040/rp2040_usb.c.obj
 *fill*         0x1000a7ee        0x2 
 .rodata.tud_task_ext
                0x1000a7f0       0x8c CMakeFiles/display_oled.dir/C_/Users/duds2/.pico-sdk/sdk/1.5.1/lib/tinyusb/src/device/usbd.c.obj
 .rodata._usbd_driver
                0x1000a87c       0x18 CMakeFiles/display_oled.dir/C_/Users/duds2/.pico-sdk/sdk/1.5.1/lib/tinyusb/src/device/usbd.c.obj
 .rodata.dma_claim_unused_channel.str1.4
                0x1000a894       0x1e CMakeFiles/display_oled.dir/C_/Users/duds2/.pico-sdk/sdk/1.5.1/src/rp2_common/hardware_dma/dma.c.obj
 .rodata.pio_claim_unused_sm.str1.4
                0x1000a894       0x24 CMakeFiles/display_oled.dir/C_/Users/duds2/.pico-sdk/sdk/1.5.1/src/rp2_common/hardware_pio/pio.c.obj
 .rodata.pio_add_program.str1.4
                0x1000a894       0x11 CMakeFiles/display_oled.dir/C_/Users/duds2/.pico-sdk/sdk/1.5.1/src/rp2_common/hardware_pio/pio.c.obj
                0x1000a8b8                        . = ALIGN (0x4)
 *(SORT_BY_ALIGNMENT(SORT_BY_NAME(.flashdata*)))
                0x1000a8b8                        . = ALIGN (0x4)

.ARM.extab
 *(.ARM.extab* .gnu.linkonce.armextab.*)
                0x1000a894                        __exidx_start = .

.ARM.exidx
 *(.ARM.exidx* .gnu.linkonce.armexidx.*)
                0x1000a894                        __exidx_end = .
                0x1000a8b8                        . = ALIGN (0x4)
                0x1000a894                        __binary_info_start = .

.binary_info    0x1000a894       0x24
 *(.binary_info.keep.*)
 .binary_info.keep.__bi_ptr81
                0x1000a894        0x4 CMakeFiles/display_oled.dir/C_/Users/duds2/.pico-sdk/sdk/1.5.1/src/rp2_common/pico_standard_link/binary_info.c.obj
 .binary_info.keep.__bi_ptr75
                0x1000a898        0x4 CMakeFiles/display_oled.dir/C_/Users/duds2/.pico-sdk/sdk/1.5.1/src/rp2_common/pico_standard_link/binary_info.c.obj
 .binary_info.keep.__bi_ptr56
                0x1000a89c        0x4 CMakeFiles/display_oled.dir/C_/Users/duds2/.pico-sdk/sdk/1.5.1/src/rp2_common/pico_standard_link/binary_info.c.obj
 .binary_info.keep.__bi_ptr50
                0x1000a8a0        0x4 CMakeFiles/display_oled.dir/C_/Users/duds2/.pico-sdk/sdk/1.5.1/src/rp2_common/pico_standard_link/binary_info.c.obj
 .binary_info.keep.__bi_ptr44
                0x1000a8a4        0x4 CMakeFiles/display_oled.dir/C_/Users/duds2/.pico-sdk/sdk/1.5.1/src/rp2_common/pico_standard_link/binary_info.c.obj
 .binary_info.keep.__bi_ptr38
                0x1000a8a8        0x4 CMakeFiles/display_oled.dir/C_/Users/duds2/.pico-sdk/sdk/1.5.1/src/rp2_common/pico_standard_link/binary_info.c.obj
 .binary_info.keep.__bi_ptr30
                0x1000a8ac        0x4 CMakeFiles/display_oled.dir/C_/Users/duds2/.pico-sdk/sdk/1.5.1/src/rp2_common/pico_standard_link/binary_info.c.obj
 .binary_info.keep.__bi_ptr22
                0x1000a8b0        0x4 CMakeFiles/display_oled.dir/C_/Users/duds2/.pico-sdk/sdk/1.5.1/src/rp2_common/pico_standard_link/binary_info.c.obj
 *(.binary_info.*)
 .binary_info.__bi_ptr182
                0x1000a8b4        0x4 CMakeFiles/display_oled.dir/C_/Users/duds2/.pico-sdk/sdk/1.5.1/src/rp2_common/pico_stdio_usb/stdio_usb.c.obj
                0x1000a8b8                        __binary_info_end = .

.rel.dyn        0x1000a8b8        0x0
 .rel.iplt      0x1000a8b8        0x0 C:/Users/duds2/.pico-sdk/toolchain/13_3_Rel1/bin/../lib/gcc/arm-none-eabi/13.3.1/thumb/v6-m/nofp/crtbegin.o
                0x1000a8b8                        . = ALIGN (0x4)

.ram_vector_table
                0x20000000       0xc0
 *(.ram_vector_table)
 .ram_vector_table
                0x20000000       0xc0 CMakeFiles/display_oled.dir/C_/Users/duds2/.pico-sdk/sdk/1.5.1/src/rp2_common/pico_runtime/runtime.c.obj
                0x20000000                ram_vector_table

.data           0x200000c0     0x1388 load address 0x1000a8b8
                0x200000c0                        __data_start__ = .
 *(vtable)
 *(.time_critical*)
 .time_critical.mutex_try_enter
                0x200000c0       0x40 CMakeFiles/display_oled.dir/C_/Users/duds2/.pico-sdk/sdk/1.5.1/src/common/pico_sync/mutex.c.obj
                0x200000c0                mutex_try_enter
 .time_critical.mutex_try_enter_block_until
                0x20000100       0x9c CMakeFiles/display_oled.dir/C_/Users/duds2/.pico-sdk/sdk/1.5.1/src/common/pico_sync/mutex.c.obj
                0x20000100                mutex_try_enter_block_until
 .time_critical.mutex_enter_timeout_ms
                0x2000019c       0x90 CMakeFiles/display_oled.dir/C_/Users/duds2/.pico-sdk/sdk/1.5.1/src/common/pico_sync/mutex.c.obj
                0x2000019c                mutex_enter_timeout_ms
 .time_critical.mutex_exit
                0x2000022c       0x28 CMakeFiles/display_oled.dir/C_/Users/duds2/.pico-sdk/sdk/1.5.1/src/common/pico_sync/mutex.c.obj
                0x2000022c                mutex_exit
 .time_critical.flash_init_boot2_copyout
                0x20000254       0x30 CMakeFiles/display_oled.dir/C_/Users/duds2/.pico-sdk/sdk/1.5.1/src/rp2_common/hardware_flash/flash.c.obj
 .time_critical.flash_enable_xip_via_boot2
                0x20000284        0xc CMakeFiles/display_oled.dir/C_/Users/duds2/.pico-sdk/sdk/1.5.1/src/rp2_common/hardware_flash/flash.c.obj
 .time_critical.flash_cs_force
                0x20000290       0x38 CMakeFiles/display_oled.dir/C_/Users/duds2/.pico-sdk/sdk/1.5.1/src/rp2_common/hardware_flash/flash.c.obj
 .time_critical.flash_do_cmd
                0x200002c8       0xc0 CMakeFiles/display_oled.dir/C_/Users/duds2/.pico-sdk/sdk/1.5.1/src/rp2_common/hardware_flash/flash.c.obj
                0x200002c8                flash_do_cmd
 .time_critical.reset_non_control_endpoints
                0x20000388       0x68 CMakeFiles/display_oled.dir/C_/Users/duds2/.pico-sdk/sdk/1.5.1/lib/tinyusb/src/portable/raspberrypi/rp2040/dcd_rp2040.c.obj
 .time_critical.hw_handle_buff_status
                0x200003f0       0xb0 CMakeFiles/display_oled.dir/C_/Users/duds2/.pico-sdk/sdk/1.5.1/lib/tinyusb/src/portable/raspberrypi/rp2040/dcd_rp2040.c.obj
 .time_critical.dcd_rp2040_irq
                0x200004a0      0x510 CMakeFiles/display_oled.dir/C_/Users/duds2/.pico-sdk/sdk/1.5.1/lib/tinyusb/src/portable/raspberrypi/rp2040/dcd_rp2040.c.obj
 .time_critical.e15_is_bulkin_ep
                0x200009b0       0x28 CMakeFiles/display_oled.dir/C_/Users/duds2/.pico-sdk/sdk/1.5.1/lib/tinyusb/src/portable/raspberrypi/rp2040/rp2040_usb.c.obj
 .time_critical.e15_is_critical_frame_period
                0x200009d8       0x34 CMakeFiles/display_oled.dir/C_/Users/duds2/.pico-sdk/sdk/1.5.1/lib/tinyusb/src/portable/raspberrypi/rp2040/rp2040_usb.c.obj
 .time_critical.prepare_ep_buffer
                0x20000a0c       0x6c CMakeFiles/display_oled.dir/C_/Users/duds2/.pico-sdk/sdk/1.5.1/lib/tinyusb/src/portable/raspberrypi/rp2040/rp2040_usb.c.obj
 .time_critical.sync_ep_buffer
                0x20000a78       0x48 CMakeFiles/display_oled.dir/C_/Users/duds2/.pico-sdk/sdk/1.5.1/lib/tinyusb/src/portable/raspberrypi/rp2040/rp2040_usb.c.obj
 .time_critical._hw_endpoint_xfer_sync
                0x20000ac0       0x28 CMakeFiles/display_oled.dir/C_/Users/duds2/.pico-sdk/sdk/1.5.1/lib/tinyusb/src/portable/raspberrypi/rp2040/rp2040_usb.c.obj
 .time_critical.hw_endpoint_reset_transfer
                0x20000ae8        0xc CMakeFiles/display_oled.dir/C_/Users/duds2/.pico-sdk/sdk/1.5.1/lib/tinyusb/src/portable/raspberrypi/rp2040/rp2040_usb.c.obj
                0x20000ae8                hw_endpoint_reset_transfer
 .time_critical._hw_endpoint_buffer_control_update32
                0x20000af4       0x58 CMakeFiles/display_oled.dir/C_/Users/duds2/.pico-sdk/sdk/1.5.1/lib/tinyusb/src/portable/raspberrypi/rp2040/rp2040_usb.c.obj
                0x20000af4                _hw_endpoint_buffer_control_update32
 .time_critical.hw_endpoint_start_next_buffer
                0x20000b4c       0x6c CMakeFiles/display_oled.dir/C_/Users/duds2/.pico-sdk/sdk/1.5.1/lib/tinyusb/src/portable/raspberrypi/rp2040/rp2040_usb.c.obj
                0x20000b4c                hw_endpoint_start_next_buffer
 .time_critical.hw_endpoint_xfer_continue
                0x20000bb8       0x50 CMakeFiles/display_oled.dir/C_/Users/duds2/.pico-sdk/sdk/1.5.1/lib/tinyusb/src/portable/raspberrypi/rp2040/rp2040_usb.c.obj
                0x20000bb8                hw_endpoint_xfer_continue
 .time_critical.tinyusb
                0x20000c08      0x16c CMakeFiles/display_oled.dir/C_/Users/duds2/.pico-sdk/sdk/1.5.1/lib/tinyusb/src/device/usbd.c.obj
                0x20000c08                dcd_event_handler
 *(.text*)
 .text          0x20000d74        0x4 C:/Users/duds2/.pico-sdk/toolchain/13_3_Rel1/bin/../lib/gcc/arm-none-eabi/13.3.1/thumb/v6-m/nofp\libgcc.a(_dvmd_tls.o)
                0x20000d74                __aeabi_idiv0
                0x20000d74                __aeabi_ldiv0
 .text.__stub   0x20000d78       0x70 linker stubs
                0x20000de8                        . = ALIGN (0x4)
 *(.rodata*)
                0x20000de8                        . = ALIGN (0x4)
 *(.data*)
 .data.striped_spin_lock_num
                0x20000de8        0x1 CMakeFiles/display_oled.dir/C_/Users/duds2/.pico-sdk/sdk/1.5.1/src/rp2_common/hardware_sync/sync.c.obj
 *fill*         0x20000de9        0x3 
 .data          0x20000dec       0x48 CMakeFiles/display_oled.dir/C_/Users/duds2/.pico-sdk/sdk/1.5.1/src/rp2_common/hardware_irq/irq_handler_chain.S.obj
                0x20000dec                irq_handler_chain_slots
                0x20000e1c                irq_handler_chain_first_slot
                0x20000e26                irq_handler_chain_remove_tail
 .data.default_alarm_pool
                0x20000e34       0x18 CMakeFiles/display_oled.dir/C_/Users/duds2/.pico-sdk/sdk/1.5.1/src/common/pico_time/time.c.obj
 .data.default_alarm_pool_heap
                0x20000e4c       0x10 CMakeFiles/display_oled.dir/C_/Users/duds2/.pico-sdk/sdk/1.5.1/src/common/pico_time/time.c.obj
 *fill*         0x20000e5c        0x4 
 .data.aeabi_bits_funcs
                0x20000e60       0x10 CMakeFiles/display_oled.dir/C_/Users/duds2/.pico-sdk/sdk/1.5.1/src/rp2_common/pico_bit_ops/bit_ops_aeabi.S.obj
                0x20000e60                aeabi_bits_funcs
                0x20000e70                aeabi_bits_funcs_end
 .data.aeabi_mem_funcs
                0x20000e70       0x10 CMakeFiles/display_oled.dir/C_/Users/duds2/.pico-sdk/sdk/1.5.1/src/rp2_common/pico_mem_ops/mem_ops_aeabi.S.obj
                0x20000e70                aeabi_mem_funcs
                0x20000e80                aeabi_mem_funcs_end
 .data.stdio_usb
                0x20000e80       0x18 CMakeFiles/display_oled.dir/C_/Users/duds2/.pico-sdk/sdk/1.5.1/src/rp2_common/pico_stdio_usb/stdio_usb.c.obj
                0x20000e80                stdio_usb
 .data.ep_dir_string
                0x20000e98        0x8 CMakeFiles/display_oled.dir/C_/Users/duds2/.pico-sdk/sdk/1.5.1/lib/tinyusb/src/portable/raspberrypi/rp2040/rp2040_usb.c.obj
                0x20000e98                ep_dir_string
 .data._usbd_qdef
                0x20000ea0       0x1c CMakeFiles/display_oled.dir/C_/Users/duds2/.pico-sdk/sdk/1.5.1/lib/tinyusb/src/device/usbd.c.obj
                0x20000ea0                _usbd_qdef
 .data._usbd_rhport
                0x20000ebc        0x1 CMakeFiles/display_oled.dir/C_/Users/duds2/.pico-sdk/sdk/1.5.1/lib/tinyusb/src/device/usbd.c.obj
 *fill*         0x20000ebd        0x3 
 .data.i2c1_inst
                0x20000ec0        0x8 CMakeFiles/display_oled.dir/C_/Users/duds2/.pico-sdk/sdk/1.5.1/src/rp2_common/hardware_i2c/i2c.c.obj
                0x20000ec0                i2c1_inst
 .data.i2c0_inst
                0x20000ec8        0x8 CMakeFiles/display_oled.dir/C_/Users/duds2/.pico-sdk/sdk/1.5.1/src/rp2_common/hardware_i2c/i2c.c.obj
                0x20000ec8                i2c0_inst
 .data.__malloc_sbrk_base
                0x20000ed0        0x4 C:/Users/duds2/.pico-sdk/toolchain/13_3_Rel1/bin/../lib/gcc/arm-none-eabi/13.3.1/thumb/v6-m/nofp\libc.a(libc_a-mallocr.o)
                0x20000ed0                __malloc_sbrk_base
 .data.__malloc_trim_threshold
                0x20000ed4        0x4 C:/Users/duds2/.pico-sdk/toolchain/13_3_Rel1/bin/../lib/gcc/arm-none-eabi/13.3.1/thumb/v6-m/nofp\libc.a(libc_a-mallocr.o)
                0x20000ed4                __malloc_trim_threshold
 .data.__malloc_av_
                0x20000ed8      0x408 C:/Users/duds2/.pico-sdk/toolchain/13_3_Rel1/bin/../lib/gcc/arm-none-eabi/13.3.1/thumb/v6-m/nofp\libc.a(libc_a-mallocr.o)
                0x20000ed8                __malloc_av_
 .data._impure_ptr
                0x200012e0        0x4 C:/Users/duds2/.pico-sdk/toolchain/13_3_Rel1/bin/../lib/gcc/arm-none-eabi/13.3.1/thumb/v6-m/nofp\libc.a(libc_a-impure.o)
                0x200012e0                _impure_ptr
 *fill*         0x200012e4        0x4 
 .data._impure_data
                0x200012e8      0x140 C:/Users/duds2/.pico-sdk/toolchain/13_3_Rel1/bin/../lib/gcc/arm-none-eabi/13.3.1/thumb/v6-m/nofp\libc.a(libc_a-impure.o)
                0x200012e8                _impure_data
                0x20001428                        . = ALIGN (0x4)
 *(.after_data.*)
                0x20001428                        . = ALIGN (0x4)
                0x20001428                        PROVIDE (__mutex_array_start = .)
 *(SORT_BY_NAME(.mutex_array.*))
 *(.mutex_array)
 .mutex_array   0x20001428        0x8 CMakeFiles/display_oled.dir/C_/Users/duds2/.pico-sdk/sdk/1.5.1/src/rp2_common/pico_stdio/stdio.c.obj
                0x20001430                        PROVIDE (__mutex_array_end = .)
                0x20001430                        . = ALIGN (0x4)
                0x20001430                        PROVIDE (__preinit_array_start = .)
 *(SORT_BY_NAME(.preinit_array.*))
 .preinit_array.00001
                0x20001430        0x4 CMakeFiles/display_oled.dir/C_/Users/duds2/.pico-sdk/sdk/1.5.1/src/rp2_common/pico_mem_ops/mem_ops_aeabi.S.obj
 .preinit_array.00010
                0x20001434        0x4 CMakeFiles/display_oled.dir/C_/Users/duds2/.pico-sdk/sdk/1.5.1/src/rp2_common/pico_bit_ops/bit_ops_aeabi.S.obj
 .preinit_array.00020
                0x20001438        0x4 CMakeFiles/display_oled.dir/C_/Users/duds2/.pico-sdk/sdk/1.5.1/src/rp2_common/pico_double/double_aeabi.S.obj
 .preinit_array.00020
                0x2000143c        0x4 CMakeFiles/display_oled.dir/C_/Users/duds2/.pico-sdk/sdk/1.5.1/src/rp2_common/pico_float/float_aeabi.S.obj
 *(.preinit_array)
                0x20001440                        PROVIDE (__preinit_array_end = .)
                0x20001440                        . = ALIGN (0x4)
                0x20001440                        PROVIDE (__init_array_start = .)
 *(SORT_BY_NAME(.init_array.*))
 *(.init_array)
 .init_array    0x20001440        0x4 C:/Users/duds2/.pico-sdk/toolchain/13_3_Rel1/bin/../lib/gcc/arm-none-eabi/13.3.1/thumb/v6-m/nofp/crtbegin.o
 .init_array    0x20001444        0x4 CMakeFiles/display_oled.dir/C_/Users/duds2/.pico-sdk/sdk/1.5.1/src/rp2_common/pico_unique_id/unique_id.c.obj
                0x20001448                        PROVIDE (__init_array_end = .)
                0x20001448                        . = ALIGN (0x4)
                [!provide]                        PROVIDE (__fini_array_start = .)
 *(SORT_BY_NAME(.fini_array.*))
 *(.fini_array)
                [!provide]                        PROVIDE (__fini_array_end = .)
 *(.jcr)
                0x20001448                        . = ALIGN (0x4)
                0x20001448                        __data_end__ = .
                0x1000a8b8                        __etext = LOADADDR (.data)

.tm_clone_table
                0x20001448        0x0 load address 0x1000bc40
 .tm_clone_table
                0x20001448        0x0 C:/Users/duds2/.pico-sdk/toolchain/13_3_Rel1/bin/../lib/gcc/arm-none-eabi/13.3.1/thumb/v6-m/nofp/crtbegin.o
 .tm_clone_table
                0x20001448        0x0 C:/Users/duds2/.pico-sdk/toolchain/13_3_Rel1/bin/../lib/gcc/arm-none-eabi/13.3.1/thumb/v6-m/nofp/crtend.o

.igot.plt       0x20001448        0x0 load address 0x1000bc40
 .igot.plt      0x20001448        0x0 C:/Users/duds2/.pico-sdk/toolchain/13_3_Rel1/bin/../lib/gcc/arm-none-eabi/13.3.1/thumb/v6-m/nofp/crtbegin.o

.uninitialized_data
                0x20001448        0x0 load address 0x1000bc40
                0x20001448                        . = ALIGN (0x4)
 *(.uninitialized_data*)

.scratch_x      0x20040000        0x0 load address 0x1000bc40
                0x20040000                        __scratch_x_start__ = .
 *(.scratch_x.*)
                0x20040000                        . = ALIGN (0x4)
                0x20040000                        __scratch_x_end__ = .
                0x1000bc40                        __scratch_x_source__ = LOADADDR (.scratch_x)

.scratch_y      0x20041000        0x0 load address 0x1000bc40
                0x20041000                        __scratch_y_start__ = .
 *(.scratch_y.*)
                0x20041000                        . = ALIGN (0x4)
                0x20041000                        __scratch_y_end__ = .
                0x1000bc40                        __scratch_y_source__ = LOADADDR (.scratch_y)

.bss            0x20001448      0xf64
                0x20001448                        . = ALIGN (0x4)
                0x20001448                        __bss_start__ = .
 *(SORT_BY_ALIGNMENT(SORT_BY_NAME(.bss*)))
 .bss.configured_freq
                0x20001448       0x28 CMakeFiles/display_oled.dir/C_/Users/duds2/.pico-sdk/sdk/1.5.1/src/rp2_common/hardware_clocks/clocks.c.obj
 .bss.default_alarm_pool_entries
                0x20001470      0x100 CMakeFiles/display_oled.dir/C_/Users/duds2/.pico-sdk/sdk/1.5.1/src/common/pico_time/time.c.obj
 .bss.last_avail_time.1
                0x20001570        0x8 CMakeFiles/display_oled.dir/C_/Users/duds2/.pico-sdk/sdk/1.5.1/src/rp2_common/pico_stdio_usb/stdio_usb.c.obj
 .bss.sd_table  0x20001578      0x100 CMakeFiles/display_oled.dir/C_/Users/duds2/.pico-sdk/sdk/1.5.1/src/rp2_common/pico_double/double_init_rom.c.obj
                0x20001578                sd_table
 .bss.__lock___malloc_recursive_mutex
                0x20001678        0x1 C:/Users/duds2/.pico-sdk/toolchain/13_3_Rel1/bin/../lib/gcc/arm-none-eabi/13.3.1/thumb/v6-m/nofp\libc.a(libc_a-lock.o)
                0x20001678                __lock___malloc_recursive_mutex
 *fill*         0x20001679        0x3 
 .bss.__malloc_current_mallinfo
                0x2000167c       0x28 C:/Users/duds2/.pico-sdk/toolchain/13_3_Rel1/bin/../lib/gcc/arm-none-eabi/13.3.1/thumb/v6-m/nofp\libc.a(libc_a-mallocr.o)
                0x2000167c                __malloc_current_mallinfo
 .bss.__malloc_max_sbrked_mem
                0x200016a4        0x4 C:/Users/duds2/.pico-sdk/toolchain/13_3_Rel1/bin/../lib/gcc/arm-none-eabi/13.3.1/thumb/v6-m/nofp\libc.a(libc_a-mallocr.o)
                0x200016a4                __malloc_max_sbrked_mem
 .bss.__malloc_max_total_mem
                0x200016a8        0x4 C:/Users/duds2/.pico-sdk/toolchain/13_3_Rel1/bin/../lib/gcc/arm-none-eabi/13.3.1/thumb/v6-m/nofp\libc.a(libc_a-mallocr.o)
                0x200016a8                __malloc_max_total_mem
 .bss.__malloc_top_pad
                0x200016ac        0x4 C:/Users/duds2/.pico-sdk/toolchain/13_3_Rel1/bin/../lib/gcc/arm-none-eabi/13.3.1/thumb/v6-m/nofp\libc.a(libc_a-mallocr.o)
                0x200016ac                __malloc_top_pad
 .bss.__sf      0x200016b0      0x138 C:/Users/duds2/.pico-sdk/toolchain/13_3_Rel1/bin/../lib/gcc/arm-none-eabi/13.3.1/thumb/v6-m/nofp\libc.a(libc_a-findfp.o)
                0x200016b0                __sf
 .bss._app_driver
                0x200017e8        0x4 CMakeFiles/display_oled.dir/C_/Users/duds2/.pico-sdk/sdk/1.5.1/lib/tinyusb/src/device/usbd.c.obj
 .bss._cdcd_itf
                0x200017ec      0x2c8 CMakeFiles/display_oled.dir/C_/Users/duds2/.pico-sdk/sdk/1.5.1/lib/tinyusb/src/class/cdc/cdc_device.c.obj
 .bss._ctrl_xfer
                0x20001ab4       0x14 CMakeFiles/display_oled.dir/C_/Users/duds2/.pico-sdk/sdk/1.5.1/lib/tinyusb/src/device/usbd_control.c.obj
 .bss._ubsd_mutexdef
                0x20001ac8        0x8 CMakeFiles/display_oled.dir/C_/Users/duds2/.pico-sdk/sdk/1.5.1/lib/tinyusb/src/device/usbd.c.obj
 .bss._usbd_ctrl_buf
                0x20001ad0       0x40 CMakeFiles/display_oled.dir/C_/Users/duds2/.pico-sdk/sdk/1.5.1/lib/tinyusb/src/device/usbd_control.c.obj
 .bss._usbd_dev
                0x20001b10       0x53 CMakeFiles/display_oled.dir/C_/Users/duds2/.pico-sdk/sdk/1.5.1/lib/tinyusb/src/device/usbd.c.obj
 *fill*         0x20001b63        0x1 
 .bss._usbd_mutex
                0x20001b64        0x4 CMakeFiles/display_oled.dir/C_/Users/duds2/.pico-sdk/sdk/1.5.1/lib/tinyusb/src/device/usbd.c.obj
 .bss._usbd_q   0x20001b68        0x4 CMakeFiles/display_oled.dir/C_/Users/duds2/.pico-sdk/sdk/1.5.1/lib/tinyusb/src/device/usbd.c.obj
 .bss._usbd_qdef_buf
                0x20001b6c       0xc0 CMakeFiles/display_oled.dir/C_/Users/duds2/.pico-sdk/sdk/1.5.1/lib/tinyusb/src/device/usbd.c.obj
                0x20001b6c                _usbd_qdef_buf
 .bss._used_instruction_space
                0x20001c2c        0x8 CMakeFiles/display_oled.dir/C_/Users/duds2/.pico-sdk/sdk/1.5.1/src/rp2_common/hardware_pio/pio.c.obj
 .bss.alarm_callbacks
                0x20001c34       0x10 CMakeFiles/display_oled.dir/C_/Users/duds2/.pico-sdk/sdk/1.5.1/src/rp2_common/hardware_timer/timer.c.obj
 .bss.boot2_copyout
                0x20001c44      0x100 CMakeFiles/display_oled.dir/C_/Users/duds2/.pico-sdk/sdk/1.5.1/src/rp2_common/hardware_flash/flash.c.obj
 .bss.chars_available_callback
                0x20001d44        0x4 CMakeFiles/display_oled.dir/C_/Users/duds2/.pico-sdk/sdk/1.5.1/src/rp2_common/pico_stdio_usb/stdio_usb.c.obj
 .bss.chars_available_param
                0x20001d48        0x4 CMakeFiles/display_oled.dir/C_/Users/duds2/.pico-sdk/sdk/1.5.1/src/rp2_common/pico_stdio_usb/stdio_usb.c.obj
 .bss.claimed   0x20001d4c        0x4 CMakeFiles/display_oled.dir/C_/Users/duds2/.pico-sdk/sdk/1.5.1/src/rp2_common/hardware_sync/sync.c.obj
 .bss.default_alarm_pool_entry_ids_high
                0x20001d50       0x10 CMakeFiles/display_oled.dir/C_/Users/duds2/.pico-sdk/sdk/1.5.1/src/common/pico_time/time.c.obj
 .bss.default_alarm_pool_heap_nodes
                0x20001d60       0x30 CMakeFiles/display_oled.dir/C_/Users/duds2/.pico-sdk/sdk/1.5.1/src/common/pico_time/time.c.obj
 .bss.desc_str.0
                0x20001d90       0x28 CMakeFiles/display_oled.dir/C_/Users/duds2/.pico-sdk/sdk/1.5.1/src/rp2_common/pico_stdio_usb/stdio_usb_descriptors.c.obj
 .bss.dma_channel
                0x20001db8        0x4 CMakeFiles/display_oled.dir/display_oled.c.obj
                0x20001db8                dma_channel
 .bss.dma_config
                0x20001dbc        0x4 CMakeFiles/display_oled.dir/display_oled.c.obj
                0x20001dbc                dma_config
 .bss.drivers   0x20001dc0        0x4 CMakeFiles/display_oled.dir/C_/Users/duds2/.pico-sdk/sdk/1.5.1/src/rp2_common/pico_stdio/stdio.c.obj
 .bss.e15_last_sof
                0x20001dc4        0x4 CMakeFiles/display_oled.dir/C_/Users/duds2/.pico-sdk/sdk/1.5.1/lib/tinyusb/src/portable/raspberrypi/rp2040/rp2040_usb.c.obj
                0x20001dc4                e15_last_sof
 .bss.errno     0x20001dc8        0x4 C:/Users/duds2/.pico-sdk/toolchain/13_3_Rel1/bin/../lib/gcc/arm-none-eabi/13.3.1/thumb/v6-m/nofp\libc.a(libc_a-reent.o)
                0x20001dc8                errno
 .bss.filter    0x20001dcc        0x4 CMakeFiles/display_oled.dir/C_/Users/duds2/.pico-sdk/sdk/1.5.1/src/rp2_common/pico_stdio/stdio.c.obj
 .bss.heap_end.0
                0x20001dd0        0x4 CMakeFiles/display_oled.dir/C_/Users/duds2/.pico-sdk/sdk/1.5.1/src/rp2_common/pico_runtime/runtime.c.obj
 .bss.hw_endpoints
                0x20001dd4      0x400 CMakeFiles/display_oled.dir/C_/Users/duds2/.pico-sdk/sdk/1.5.1/lib/tinyusb/src/portable/raspberrypi/rp2040/dcd_rp2040.c.obj
 .bss.lazy_vsnprintf
                0x200021d4        0x4 CMakeFiles/display_oled.dir/C_/Users/duds2/.pico-sdk/sdk/1.5.1/src/rp2_common/pico_printf/printf.c.obj
 .bss.leds      0x200021d8       0x4b CMakeFiles/display_oled.dir/display_oled.c.obj
                0x200021d8                leds
 *fill*         0x20002223        0x1 
 .bss.load_value
                0x20002224        0x4 CMakeFiles/display_oled.dir/C_/Users/duds2/.pico-sdk/sdk/1.5.1/src/rp2_common/hardware_watchdog/watchdog.c.obj
 .bss.next_buffer_ptr
                0x20002228        0x4 CMakeFiles/display_oled.dir/C_/Users/duds2/.pico-sdk/sdk/1.5.1/lib/tinyusb/src/portable/raspberrypi/rp2040/dcd_rp2040.c.obj
 .bss.np_pio    0x2000222c        0x4 CMakeFiles/display_oled.dir/display_oled.c.obj
                0x2000222c                np_pio
 .bss.object.0  0x20002230       0x18 C:/Users/duds2/.pico-sdk/toolchain/13_3_Rel1/bin/../lib/gcc/arm-none-eabi/13.3.1/thumb/v6-m/nofp/crtbegin.o
 .bss.one_shot_timer_crit_sec
                0x20002248        0x8 CMakeFiles/display_oled.dir/C_/Users/duds2/.pico-sdk/sdk/1.5.1/src/rp2_common/pico_stdio_usb/stdio_usb.c.obj
 .bss.pools     0x20002250       0x10 CMakeFiles/display_oled.dir/C_/Users/duds2/.pico-sdk/sdk/1.5.1/src/common/pico_time/time.c.obj
 .bss.retrieved_id
                0x20002260        0x8 CMakeFiles/display_oled.dir/C_/Users/duds2/.pico-sdk/sdk/1.5.1/src/rp2_common/pico_unique_id/unique_id.c.obj
 .bss.sf_clz_func
                0x20002268        0x4 CMakeFiles/display_oled.dir/C_/Users/duds2/.pico-sdk/sdk/1.5.1/src/rp2_common/pico_double/double_init_rom.c.obj
                0x20002268                sf_clz_func
 .bss.sf_table  0x2000226c      0x100 CMakeFiles/display_oled.dir/C_/Users/duds2/.pico-sdk/sdk/1.5.1/src/rp2_common/pico_float/float_init_rom.c.obj
                0x2000226c                sf_table
 .bss.sleep_notifier
                0x2000236c        0x4 CMakeFiles/display_oled.dir/C_/Users/duds2/.pico-sdk/sdk/1.5.1/src/common/pico_time/time.c.obj
 .bss.sm        0x20002370        0x4 CMakeFiles/display_oled.dir/display_oled.c.obj
                0x20002370                sm
 .bss.stdio_usb_mutex
                0x20002374        0x8 CMakeFiles/display_oled.dir/C_/Users/duds2/.pico-sdk/sdk/1.5.1/src/rp2_common/pico_stdio_usb/stdio_usb.c.obj
 .bss.target_hi
                0x2000237c       0x10 CMakeFiles/display_oled.dir/C_/Users/duds2/.pico-sdk/sdk/1.5.1/src/rp2_common/hardware_timer/timer.c.obj
 .bss.usbd_serial_str
                0x2000238c       0x11 CMakeFiles/display_oled.dir/C_/Users/duds2/.pico-sdk/sdk/1.5.1/src/rp2_common/pico_stdio_usb/stdio_usb_descriptors.c.obj
 *fill*         0x2000239d        0x1 
 .bss._claimed  0x2000239e        0x2 CMakeFiles/display_oled.dir/C_/Users/duds2/.pico-sdk/sdk/1.5.1/src/rp2_common/hardware_dma/dma.c.obj
 .bss._app_driver_count
                0x200023a0        0x1 CMakeFiles/display_oled.dir/C_/Users/duds2/.pico-sdk/sdk/1.5.1/lib/tinyusb/src/device/usbd.c.obj
 .bss._sof_enable
                0x200023a1        0x1 CMakeFiles/display_oled.dir/C_/Users/duds2/.pico-sdk/sdk/1.5.1/lib/tinyusb/src/portable/raspberrypi/rp2040/dcd_rp2040.c.obj
 .bss.boot2_copyout_valid
                0x200023a2        0x1 CMakeFiles/display_oled.dir/C_/Users/duds2/.pico-sdk/sdk/1.5.1/src/rp2_common/hardware_flash/flash.c.obj
 .bss.claimed   0x200023a3        0x1 CMakeFiles/display_oled.dir/C_/Users/duds2/.pico-sdk/sdk/1.5.1/src/rp2_common/hardware_timer/timer.c.obj
 .bss.claimed   0x200023a4        0x1 CMakeFiles/display_oled.dir/C_/Users/duds2/.pico-sdk/sdk/1.5.1/src/rp2_common/hardware_pio/pio.c.obj
 .bss.irq_hander_chain_free_slot_head
                0x200023a5        0x1 CMakeFiles/display_oled.dir/C_/Users/duds2/.pico-sdk/sdk/1.5.1/src/rp2_common/hardware_irq/irq.c.obj
 .bss.itf_num   0x200023a6        0x1 CMakeFiles/display_oled.dir/C_/Users/duds2/.pico-sdk/sdk/1.5.1/src/rp2_common/pico_stdio_usb/reset_interface.c.obj
 .bss.low_priority_irq_num
                0x200023a7        0x1 CMakeFiles/display_oled.dir/C_/Users/duds2/.pico-sdk/sdk/1.5.1/src/rp2_common/pico_stdio_usb/stdio_usb.c.obj
 .bss.one_shot_timer_pending
                0x200023a8        0x1 CMakeFiles/display_oled.dir/C_/Users/duds2/.pico-sdk/sdk/1.5.1/src/rp2_common/pico_stdio_usb/stdio_usb.c.obj
 .bss.timer_callbacks_pending
                0x200023a9        0x1 CMakeFiles/display_oled.dir/C_/Users/duds2/.pico-sdk/sdk/1.5.1/src/rp2_common/hardware_timer/timer.c.obj
 .bss.user_irq_claimed
                0x200023aa        0x1 CMakeFiles/display_oled.dir/C_/Users/duds2/.pico-sdk/sdk/1.5.1/src/rp2_common/hardware_irq/irq.c.obj
 *(COMMON)
                0x200023ac                        . = ALIGN (0x4)
 *fill*         0x200023ab        0x1 
                0x200023ac                        __bss_end__ = .

.heap           0x200023ac      0x800
                0x200023ac                        __end__ = .
                0x200023ac                        end = __end__
 *(.heap*)
 .heap          0x200023ac      0x800 CMakeFiles/display_oled.dir/C_/Users/duds2/.pico-sdk/sdk/1.5.1/src/rp2_common/pico_standard_link/crt0.S.obj
                0x20002bac                        __HeapLimit = .

.stack1_dummy
 *(.stack1*)

.stack_dummy    0x20041000      0x800
 *(.stack*)
 .stack         0x20041000      0x800 CMakeFiles/display_oled.dir/C_/Users/duds2/.pico-sdk/sdk/1.5.1/src/rp2_common/pico_standard_link/crt0.S.obj

.flash_end      0x1000bc40        0x0
                0x1000bc40                        PROVIDE (__flash_binary_end = .)
                0x20040000                        __StackLimit = (ORIGIN (RAM) + LENGTH (RAM))
                0x20041000                        __StackOneTop = (ORIGIN (SCRATCH_X) + LENGTH (SCRATCH_X))
                0x20042000                        __StackTop = (ORIGIN (SCRATCH_Y) + LENGTH (SCRATCH_Y))
                0x20041000                        __StackOneBottom = (__StackOneTop - SIZEOF (.stack1_dummy))
                0x20041800                        __StackBottom = (__StackTop - SIZEOF (.stack_dummy))
                0x20042000                        PROVIDE (__stack = __StackTop)
                0x00000001                        ASSERT ((__StackLimit >= __HeapLimit), region RAM overflowed)
                0x00000001                        ASSERT (((__binary_info_header_end - __logical_binary_start) <= 0x100), Binary info must be in first 256 bytes of the binary)
LOAD CMakeFiles/display_oled.dir/display_oled.c.obj
LOAD CMakeFiles/display_oled.dir/inc/ssd1306_i2c.c.obj
LOAD CMakeFiles/display_oled.dir/C_/Users/duds2/.pico-sdk/sdk/1.5.1/src/rp2_common/pico_stdlib/stdlib.c.obj